Archive member included to satisfy reference by file (symbol)

c:/ac6/systemworkbench/plugins/fr.ac6.mcu.externaltools.arm-none.win32_1.17.0.201812190825/tools/compiler/bin/../lib/gcc/arm-none-eabi/7.3.1/../../../../arm-none-eabi/lib/thumb/v7-m\libc.a(lib_a-errno.o)
                              src/syscalls.o (__errno)
c:/ac6/systemworkbench/plugins/fr.ac6.mcu.externaltools.arm-none.win32_1.17.0.201812190825/tools/compiler/bin/../lib/gcc/arm-none-eabi/7.3.1/../../../../arm-none-eabi/lib/thumb/v7-m\libc.a(lib_a-exit.o)
                              c:/ac6/systemworkbench/plugins/fr.ac6.mcu.externaltools.arm-none.win32_1.17.0.201812190825/tools/compiler/bin/../lib/gcc/arm-none-eabi/7.3.1/../../../../arm-none-eabi/lib/thumb/v7-m/crt0.o (exit)
c:/ac6/systemworkbench/plugins/fr.ac6.mcu.externaltools.arm-none.win32_1.17.0.201812190825/tools/compiler/bin/../lib/gcc/arm-none-eabi/7.3.1/../../../../arm-none-eabi/lib/thumb/v7-m\libc.a(lib_a-impure.o)
                              c:/ac6/systemworkbench/plugins/fr.ac6.mcu.externaltools.arm-none.win32_1.17.0.201812190825/tools/compiler/bin/../lib/gcc/arm-none-eabi/7.3.1/../../../../arm-none-eabi/lib/thumb/v7-m\libc.a(lib_a-exit.o) (_global_impure_ptr)
c:/ac6/systemworkbench/plugins/fr.ac6.mcu.externaltools.arm-none.win32_1.17.0.201812190825/tools/compiler/bin/../lib/gcc/arm-none-eabi/7.3.1/../../../../arm-none-eabi/lib/thumb/v7-m\libc.a(lib_a-init.o)
                              c:/ac6/systemworkbench/plugins/fr.ac6.mcu.externaltools.arm-none.win32_1.17.0.201812190825/tools/compiler/bin/../lib/gcc/arm-none-eabi/7.3.1/../../../../arm-none-eabi/lib/thumb/v7-m/crt0.o (__libc_init_array)
c:/ac6/systemworkbench/plugins/fr.ac6.mcu.externaltools.arm-none.win32_1.17.0.201812190825/tools/compiler/bin/../lib/gcc/arm-none-eabi/7.3.1/../../../../arm-none-eabi/lib/thumb/v7-m\libc.a(lib_a-memset.o)
                              c:/ac6/systemworkbench/plugins/fr.ac6.mcu.externaltools.arm-none.win32_1.17.0.201812190825/tools/compiler/bin/../lib/gcc/arm-none-eabi/7.3.1/../../../../arm-none-eabi/lib/thumb/v7-m/crt0.o (memset)
c:/ac6/systemworkbench/plugins/fr.ac6.mcu.externaltools.arm-none.win32_1.17.0.201812190825/tools/compiler/bin/../lib/gcc/arm-none-eabi/7.3.1/../../../../arm-none-eabi/lib/thumb/v7-m\libc.a(lib_a-printf.o)
                              src/read_RTC.o (printf)
c:/ac6/systemworkbench/plugins/fr.ac6.mcu.externaltools.arm-none.win32_1.17.0.201812190825/tools/compiler/bin/../lib/gcc/arm-none-eabi/7.3.1/../../../../arm-none-eabi/lib/thumb/v7-m\libc.a(lib_a-puts.o)
                              src/read_RTC.o (puts)
c:/ac6/systemworkbench/plugins/fr.ac6.mcu.externaltools.arm-none.win32_1.17.0.201812190825/tools/compiler/bin/../lib/gcc/arm-none-eabi/7.3.1/../../../../arm-none-eabi/lib/thumb/v7-m\libc.a(lib_a-strlen-stub.o)
                              c:/ac6/systemworkbench/plugins/fr.ac6.mcu.externaltools.arm-none.win32_1.17.0.201812190825/tools/compiler/bin/../lib/gcc/arm-none-eabi/7.3.1/../../../../arm-none-eabi/lib/thumb/v7-m\libc.a(lib_a-puts.o) (strlen)
c:/ac6/systemworkbench/plugins/fr.ac6.mcu.externaltools.arm-none.win32_1.17.0.201812190825/tools/compiler/bin/../lib/gcc/arm-none-eabi/7.3.1/../../../../arm-none-eabi/lib/thumb/v7-m\libc.a(lib_a-vfprintf.o)
                              c:/ac6/systemworkbench/plugins/fr.ac6.mcu.externaltools.arm-none.win32_1.17.0.201812190825/tools/compiler/bin/../lib/gcc/arm-none-eabi/7.3.1/../../../../arm-none-eabi/lib/thumb/v7-m\libc.a(lib_a-printf.o) (_vfprintf_r)
c:/ac6/systemworkbench/plugins/fr.ac6.mcu.externaltools.arm-none.win32_1.17.0.201812190825/tools/compiler/bin/../lib/gcc/arm-none-eabi/7.3.1/../../../../arm-none-eabi/lib/thumb/v7-m\libc.a(lib_a-wsetup.o)
                              c:/ac6/systemworkbench/plugins/fr.ac6.mcu.externaltools.arm-none.win32_1.17.0.201812190825/tools/compiler/bin/../lib/gcc/arm-none-eabi/7.3.1/../../../../arm-none-eabi/lib/thumb/v7-m\libc.a(lib_a-vfprintf.o) (__swsetup_r)
c:/ac6/systemworkbench/plugins/fr.ac6.mcu.externaltools.arm-none.win32_1.17.0.201812190825/tools/compiler/bin/../lib/gcc/arm-none-eabi/7.3.1/../../../../arm-none-eabi/lib/thumb/v7-m\libc.a(lib_a-__call_atexit.o)
                              c:/ac6/systemworkbench/plugins/fr.ac6.mcu.externaltools.arm-none.win32_1.17.0.201812190825/tools/compiler/bin/../lib/gcc/arm-none-eabi/7.3.1/../../../../arm-none-eabi/lib/thumb/v7-m\libc.a(lib_a-exit.o) (__call_exitprocs)
c:/ac6/systemworkbench/plugins/fr.ac6.mcu.externaltools.arm-none.win32_1.17.0.201812190825/tools/compiler/bin/../lib/gcc/arm-none-eabi/7.3.1/../../../../arm-none-eabi/lib/thumb/v7-m\libc.a(lib_a-atexit.o)
                              c:/ac6/systemworkbench/plugins/fr.ac6.mcu.externaltools.arm-none.win32_1.17.0.201812190825/tools/compiler/bin/../lib/gcc/arm-none-eabi/7.3.1/../../../../arm-none-eabi/lib/thumb/v7-m\libc.a(lib_a-__call_atexit.o) (atexit)
[...]
Memory Configuration

Name             Origin             Length             Attributes
FLASH            0x08000000         0x00020000         xr
RAM              0x20000000         0x00005000         xrw
MEMORY_B1        0x60000000         0x00000000         xr
*default*        0x00000000         0xffffffff

Linker script and memory map

LOAD c:/ac6/systemworkbench/plugins/fr.ac6.mcu.externaltools.arm-none.win32_1.17.0.201812190825/tools/compiler/bin/../lib/gcc/arm-none-eabi/7.3.1/thumb/v7-m/crti.o
LOAD c:/ac6/systemworkbench/plugins/fr.ac6.mcu.externaltools.arm-none.win32_1.17.0.201812190825/tools/compiler/bin/../lib/gcc/arm-none-eabi/7.3.1/thumb/v7-m/crtbegin.o
LOAD c:/ac6/systemworkbench/plugins/fr.ac6.mcu.externaltools.arm-none.win32_1.17.0.201812190825/tools/compiler/bin/../lib/gcc/arm-none-eabi/7.3.1/../../../../arm-none-eabi/lib/thumb/v7-m/crt0.o
LOAD StdPeriph_Driver/src/misc.o
LOAD StdPeriph_Driver/src/stm32f10x_adc.o
LOAD StdPeriph_Driver/src/stm32f10x_bkp.o
LOAD StdPeriph_Driver/src/stm32f10x_can.o
LOAD StdPeriph_Driver/src/stm32f10x_cec.o
LOAD StdPeriph_Driver/src/stm32f10x_crc.o
LOAD StdPeriph_Driver/src/stm32f10x_dac.o
LOAD StdPeriph_Driver/src/stm32f10x_dbgmcu.o
LOAD StdPeriph_Driver/src/stm32f10x_dma.o
LOAD StdPeriph_Driver/src/stm32f10x_exti.o
LOAD StdPeriph_Driver/src/stm32f10x_flash.o
LOAD StdPeriph_Driver/src/stm32f10x_fsmc.o
LOAD StdPeriph_Driver/src/stm32f10x_gpio.o
LOAD StdPeriph_Driver/src/stm32f10x_i2c.o
LOAD StdPeriph_Driver/src/stm32f10x_iwdg.o
LOAD StdPeriph_Driver/src/stm32f10x_pwr.o
LOAD StdPeriph_Driver/src/stm32f10x_rcc.o
LOAD StdPeriph_Driver/src/stm32f10x_rtc.o
LOAD StdPeriph_Driver/src/stm32f10x_sdio.o
LOAD StdPeriph_Driver/src/stm32f10x_spi.o
LOAD StdPeriph_Driver/src/stm32f10x_tim.o
LOAD StdPeriph_Driver/src/stm32f10x_usart.o
LOAD StdPeriph_Driver/src/stm32f10x_wwdg.o
LOAD Utilities/STM32F1xx-Nucleo/stm32f1xx_nucleo.o
LOAD src/UART.o
LOAD src/main.o
LOAD src/read_RTC.o
LOAD src/syscalls.o
LOAD src/system_stm32f10x.o
LOAD startup/startup_stm32f10x_md.o
LOAD c:/ac6/systemworkbench/plugins/fr.ac6.mcu.externaltools.arm-none.win32_1.17.0.201812190825/tools/compiler/bin/../lib/gcc/arm-none-eabi/7.3.1/../../../../arm-none-eabi/lib/thumb/v7-m\libm.a
START GROUP
LOAD c:/ac6/systemworkbench/plugins/fr.ac6.mcu.externaltools.arm-none.win32_1.17.0.201812190825/tools/compiler/bin/../lib/gcc/arm-none-eabi/7.3.1/thumb/v7-m\libgcc.a
LOAD c:/ac6/systemworkbench/plugins/fr.ac6.mcu.externaltools.arm-none.win32_1.17.0.201812190825/tools/compiler/bin/../lib/gcc/arm-none-eabi/7.3.1/../../../../arm-none-eabi/lib/thumb/v7-m\libc.a
END GROUP
LOAD c:/ac6/systemworkbench/plugins/fr.ac6.mcu.externaltools.arm-none.win32_1.17.0.201812190825/tools/compiler/bin/../lib/gcc/arm-none-eabi/7.3.1/thumb/v7-m/crtend.o
LOAD c:/ac6/systemworkbench/plugins/fr.ac6.mcu.externaltools.arm-none.win32_1.17.0.201812190825/tools/compiler/bin/../lib/gcc/arm-none-eabi/7.3.1/thumb/v7-m/crtn.o
                0x20005000                _estack = 0x20005000
                0x00000000                _Min_Heap_Size = 0x0
                0x00000100                _Min_Stack_Size = 0x100

.isr_vector     0x08000000      0x10c
                0x08000000                . = ALIGN (0x4)
 *(.isr_vector)
 .isr_vector    0x08000000      0x10c startup/startup_stm32f10x_md.o
                0x08000000                g_pfnVectors
                0x0800010c                . = ALIGN (0x4)

.text           0x08000110     0x8a24
                0x08000110                . = ALIGN (0x4)
 *(.text)
 .text          0x08000110       0x40 c:/ac6/systemworkbench/plugins/fr.ac6.mcu.externaltools.arm-none.win32_1.17.0.201812190825/tools/compiler/bin/../lib/gcc/arm-none-eabi/7.3.1/thumb/v7-m/crtbegin.o
 .text          0x08000150       0xec c:/ac6/systemworkbench/plugins/fr.ac6.mcu.externaltools.arm-none.win32_1.17.0.201812190825/tools/compiler/bin/../lib/gcc/arm-none-eabi/7.3.1/../../../../arm-none-eabi/lib/thumb/v7-m\libc.a(lib_a-memcpy.o)
                0x08000150                memcpy
 .text          0x0800023c      0x378 c:/ac6/systemworkbench/plugins/fr.ac6.mcu.externaltools.arm-none.win32_1.17.0.201812190825/tools/compiler/bin/../lib/gcc/arm-none-eabi/7.3.1/thumb/v7-m\libgcc.a(_arm_addsubdf3.o)
                0x0800023c                __aeabi_drsub
                0x08000244                __aeabi_dsub
                0x08000244                __subdf3
                0x08000248                __aeabi_dadd
                0x08000248                __adddf3
                0x080004c0                __floatunsidf
                0x080004c0                __aeabi_ui2d
                0x080004e0                __floatsidf
                0x080004e0                __aeabi_i2d
                0x08000504                __aeabi_f2d
                0x08000504                __extendsfdf2
                0x08000548                __floatundidf
                0x08000548                __aeabi_ul2d
                0x08000558                __floatdidf
                0x08000558                __aeabi_l2d
 .text          0x080005b4      0x424 c:/ac6/systemworkbench/plugins/fr.ac6.mcu.externaltools.arm-none.win32_1.17.0.201812190825/tools/compiler/bin/../lib/gcc/arm-none-eabi/7.3.1/thumb/v7-m\libgcc.a(_arm_muldivdf3.o)
                0x080005b4                __aeabi_dmul
                0x080005b4                __muldf3
                0x08000808                __divdf3
                0x08000808                __aeabi_ddiv
 .text          0x080009d8      0x110 c:/ac6/systemworkbench/plugins/fr.ac6.mcu.externaltools.arm-none.win32_1.17.0.201812190825/tools/compiler/bin/../lib/gcc/arm-none-eabi/7.3.1/thumb/v7-m\libgcc.a(_arm_cmpdf2.o)
                0x080009d8                __gtdf2
                0x080009d8                __gedf2
                0x080009e0                __ltdf2
                0x080009e0                __ledf2
                0x080009e8                __nedf2
                0x080009e8                __eqdf2
                0x080009e8                __cmpdf2
                0x08000a64                __aeabi_cdrcmple
                0x08000a74                __aeabi_cdcmpeq
                0x08000a74                __aeabi_cdcmple
                0x08000a84                __aeabi_dcmpeq
                0x08000a98                __aeabi_dcmplt
                0x08000aac                __aeabi_dcmple
                0x08000ac0                __aeabi_dcmpge
                0x08000ad4                __aeabi_dcmpgt
 .text          0x08000ae8       0x2c c:/ac6/systemworkbench/plugins/fr.ac6.mcu.externaltools.arm-none.win32_1.17.0.201812190825/tools/compiler/bin/../lib/gcc/arm-none-eabi/7.3.1/thumb/v7-m\libgcc.a(_arm_unorddf2.o)
                0x08000ae8                __unorddf2
                0x08000ae8                __aeabi_dcmpun
 .text          0x08000b14       0x50 c:/ac6/systemworkbench/plugins/fr.ac6.mcu.externaltools.arm-none.win32_1.17.0.201812190825/tools/compiler/bin/../lib/gcc/arm-none-eabi/7.3.1/thumb/v7-m\libgcc.a(_arm_fixdfsi.o)
                0x08000b14                __aeabi_d2iz
                0x08000b14                __fixdfsi
 .text          0x08000b64       0x30 c:/ac6/systemworkbench/plugins/fr.ac6.mcu.externaltools.arm-none.win32_1.17.0.201812190825/tools/compiler/bin/../lib/gcc/arm-none-eabi/7.3.1/thumb/v7-m\libgcc.a(_aeabi_uldivmod.o)
                0x08000b64                __aeabi_uldivmod
 .text          0x08000b94      0x2d0 c:/ac6/systemworkbench/plugins/fr.ac6.mcu.externaltools.arm-none.win32_1.17.0.201812190825/tools/compiler/bin/../lib/gcc/arm-none-eabi/7.3.1/thumb/v7-m\libgcc.a(_udivmoddi4.o)
                0x08000b94                __udivmoddi4
 .text          0x08000e64        0x4 c:/ac6/systemworkbench/plugins/fr.ac6.mcu.externaltools.arm-none.win32_1.17.0.201812190825/tools/compiler/bin/../lib/gcc/arm-none-eabi/7.3.1/thumb/v7-m\libgcc.a(_dvmd_tls.o)
                0x08000e64                __aeabi_idiv0
                0x08000e64                __aeabi_ldiv0
 *(.text*)
 .text.NVIC_Init
                0x08000e68       0xc4 StdPeriph_Driver/src/misc.o
                0x08000e68                NVIC_Init
 .text.GPIO_Init
                0x08000f2c      0x178 StdPeriph_Driver/src/stm32f10x_gpio.o
                0x08000f2c                GPIO_Init
 .text.GPIO_StructInit
                0x080010a4       0x26 StdPeriph_Driver/src/stm32f10x_gpio.o
                0x080010a4                GPIO_StructInit
 .text.GPIO_ReadOutputDataBit
                0x080010ca       0x32 StdPeriph_Driver/src/stm32f10x_gpio.o
                0x080010ca                GPIO_ReadOutputDataBit
 .text.GPIO_SetBits
                0x080010fc       0x1c StdPeriph_Driver/src/stm32f10x_gpio.o
                0x080010fc                GPIO_SetBits
 .text.GPIO_ResetBits
                0x08001118       0x1c StdPeriph_Driver/src/stm32f10x_gpio.o
                0x08001118                GPIO_ResetBits
 .text.GPIO_WriteBit
                0x08001134       0x2e StdPeriph_Driver/src/stm32f10x_gpio.o
                0x08001134                GPIO_WriteBit
 *fill*         0x08001162        0x2 
 .text.I2C_Init
                0x08001164      0x184 StdPeriph_Driver/src/stm32f10x_i2c.o
                0x08001164                I2C_Init
 .text.I2C_StructInit
                0x080012e8       0x3c StdPeriph_Driver/src/stm32f10x_i2c.o
                0x080012e8                I2C_StructInit
 .text.I2C_Cmd  0x08001324       0x3e StdPeriph_Driver/src/stm32f10x_i2c.o
                0x08001324                I2C_Cmd
 .text.I2C_GenerateSTART
                0x08001362       0x3e StdPeriph_Driver/src/stm32f10x_i2c.o
                0x08001362                I2C_GenerateSTART
 .text.I2C_GenerateSTOP
                0x080013a0       0x3e StdPeriph_Driver/src/stm32f10x_i2c.o
                0x080013a0                I2C_GenerateSTOP
 .text.I2C_AcknowledgeConfig
                0x080013de       0x3e StdPeriph_Driver/src/stm32f10x_i2c.o
                0x080013de                I2C_AcknowledgeConfig
 .text.I2C_SendData
                0x0800141c       0x1e StdPeriph_Driver/src/stm32f10x_i2c.o
                0x0800141c                I2C_SendData
 .text.I2C_ReceiveData
                0x0800143a       0x1a StdPeriph_Driver/src/stm32f10x_i2c.o
                0x0800143a                I2C_ReceiveData
 .text.I2C_Send7bitAddress
                0x08001454       0x3a StdPeriph_Driver/src/stm32f10x_i2c.o
                0x08001454                I2C_Send7bitAddress
 .text.I2C_SoftwareResetCmd
                0x0800148e       0x42 StdPeriph_Driver/src/stm32f10x_i2c.o
                0x0800148e                I2C_SoftwareResetCmd
 .text.I2C_CheckEvent
                0x080014d0       0x5e StdPeriph_Driver/src/stm32f10x_i2c.o
                0x080014d0                I2C_CheckEvent
 *fill*         0x0800152e        0x2 
 .text.RCC_GetClocksFreq
                0x08001530      0x160 StdPeriph_Driver/src/stm32f10x_rcc.o
                0x08001530                RCC_GetClocksFreq
 .text.RCC_APB2PeriphClockCmd
                0x08001690       0x3c StdPeriph_Driver/src/stm32f10x_rcc.o
                0x08001690                RCC_APB2PeriphClockCmd
 .text.RCC_APB1PeriphClockCmd
                0x080016cc       0x3c StdPeriph_Driver/src/stm32f10x_rcc.o
                0x080016cc                RCC_APB1PeriphClockCmd
 .text.TIM_TimeBaseInit
                0x08001708       0xf8 StdPeriph_Driver/src/stm32f10x_tim.o
                0x08001708                TIM_TimeBaseInit
 .text.TIM_OC1Init
                0x08001800      0x118 StdPeriph_Driver/src/stm32f10x_tim.o
                0x08001800                TIM_OC1Init
 .text.TIM_OC2Init
                0x08001918      0x110 StdPeriph_Driver/src/stm32f10x_tim.o
                0x08001918                TIM_OC2Init
 .text.TIM_OC3Init
                0x08001a28      0x10c StdPeriph_Driver/src/stm32f10x_tim.o
                0x08001a28                TIM_OC3Init
 .text.TIM_OC4Init
                0x08001b34       0xd0 StdPeriph_Driver/src/stm32f10x_tim.o
                0x08001b34                TIM_OC4Init
 .text.TIM_ICInit
                0x08001c04       0xa8 StdPeriph_Driver/src/stm32f10x_tim.o
                0x08001c04                TIM_ICInit
 .text.TIM_TimeBaseStructInit
                0x08001cac       0x32 StdPeriph_Driver/src/stm32f10x_tim.o
                0x08001cac                TIM_TimeBaseStructInit
 .text.TIM_ICStructInit
                0x08001cde       0x30 StdPeriph_Driver/src/stm32f10x_tim.o
                0x08001cde                TIM_ICStructInit
 .text.TIM_Cmd  0x08001d0e       0x3e StdPeriph_Driver/src/stm32f10x_tim.o
                0x08001d0e                TIM_Cmd
 .text.TIM_ITConfig
                0x08001d4c       0x46 StdPeriph_Driver/src/stm32f10x_tim.o
                0x08001d4c                TIM_ITConfig
 .text.TIM_SetCounter
                0x08001d92       0x1c StdPeriph_Driver/src/stm32f10x_tim.o
                0x08001d92                TIM_SetCounter
 .text.TIM_SetIC1Prescaler
                0x08001dae       0x36 StdPeriph_Driver/src/stm32f10x_tim.o
                0x08001dae                TIM_SetIC1Prescaler
 .text.TIM_SetIC2Prescaler
                0x08001de4       0x3a StdPeriph_Driver/src/stm32f10x_tim.o
                0x08001de4                TIM_SetIC2Prescaler
 .text.TIM_SetIC3Prescaler
                0x08001e1e       0x36 StdPeriph_Driver/src/stm32f10x_tim.o
                0x08001e1e                TIM_SetIC3Prescaler
 .text.TIM_SetIC4Prescaler
                0x08001e54       0x3a StdPeriph_Driver/src/stm32f10x_tim.o
                0x08001e54                TIM_SetIC4Prescaler
 .text.TIM_GetCapture2
                0x08001e8e       0x18 StdPeriph_Driver/src/stm32f10x_tim.o
                0x08001e8e                TIM_GetCapture2
 .text.TIM_GetITStatus
                0x08001ea6       0x52 StdPeriph_Driver/src/stm32f10x_tim.o
                0x08001ea6                TIM_GetITStatus
 .text.TIM_ClearITPendingBit
                0x08001ef8       0x20 StdPeriph_Driver/src/stm32f10x_tim.o
                0x08001ef8                TIM_ClearITPendingBit
 .text.TI1_Config
                0x08001f18       0xe0 StdPeriph_Driver/src/stm32f10x_tim.o
 .text.TI2_Config
                0x08001ff8       0xf4 StdPeriph_Driver/src/stm32f10x_tim.o
 .text.TI3_Config
                0x080020ec       0xec StdPeriph_Driver/src/stm32f10x_tim.o
 .text.TI4_Config
                0x080021d8       0xf8 StdPeriph_Driver/src/stm32f10x_tim.o
 .text.USART_Init
                0x080022d0      0x174 StdPeriph_Driver/src/stm32f10x_usart.o
                0x080022d0                USART_Init
 .text.USART_StructInit
                0x08002444       0x38 StdPeriph_Driver/src/stm32f10x_usart.o
                0x08002444                USART_StructInit
 .text.USART_Cmd
                0x0800247c       0x3e StdPeriph_Driver/src/stm32f10x_usart.o
                0x0800247c                USART_Cmd
 .text.USART_SendData
                0x080024ba       0x22 StdPeriph_Driver/src/stm32f10x_usart.o
                0x080024ba                USART_SendData
 .text.USART_GetFlagStatus
                0x080024dc       0x36 StdPeriph_Driver/src/stm32f10x_usart.o
                0x080024dc                USART_GetFlagStatus
 *fill*         0x08002512        0x2 
 .text.send_char
                0x08002514       0x34 src/UART.o
                0x08002514                send_char
 .text.__io_putchar
                0x08002548       0x1c src/UART.o
                0x08002548                __io_putchar
 .text.init_UART
                0x08002564       0x84 src/UART.o
                0x08002564                init_UART
 .text.NVIC_SetPriority
                0x080025e8       0x54 src/main.o
 .text.main     0x0800263c      0xd10 src/main.o
                0x0800263c                main
 .text.SysTick_Handler
                0x0800334c       0x88 src/main.o
                0x0800334c                SysTick_Handler
 .text.SysTick_Config_Mod
                0x080033d4       0x64 src/main.o
                0x080033d4                SysTick_Config_Mod
 .text.TIM2_IRQHandler
                0x08003438       0x80 src/main.o
                0x08003438                TIM2_IRQHandler
 .text.TIM3_IRQHandler
                0x080034b8       0xac src/main.o
                0x080034b8                TIM3_IRQHandler
 .text.TIM4_IRQHandler
                0x08003564       0xac src/main.o
                0x08003564                TIM4_IRQHandler
 .text.init_I2C_for_RTC
                0x08003610       0x90 src/read_RTC.o
                0x08003610                init_I2C_for_RTC
 .text.read_RTC
                0x080036a0      0x338 src/read_RTC.o
                0x080036a0                read_RTC
 .text._read    0x080039d8       0x3a src/syscalls.o
                0x080039d8                _read
 .text._write   0x08003a12       0x38 src/syscalls.o
                0x08003a12                _write
 *fill*         0x08003a4a        0x2 
 .text._sbrk    0x08003a4c       0x58 src/syscalls.o
                0x08003a4c                _sbrk
 .text._close   0x08003aa4       0x16 src/syscalls.o
                0x08003aa4                _close
 .text._fstat   0x08003aba       0x1e src/syscalls.o
                0x08003aba                _fstat
 .text._isatty  0x08003ad8       0x14 src/syscalls.o
                0x08003ad8                _isatty
 .text._lseek   0x08003aec       0x18 src/syscalls.o
                0x08003aec                _lseek
 .text.SystemInit
                0x08003b04       0x68 src/system_stm32f10x.o
                0x08003b04                SystemInit
 .text.SetSysClock
                0x08003b6c       0xb8 src/system_stm32f10x.o
 .text.Reset_Handler
                0x08003c24       0x48 startup/startup_stm32f10x_md.o
                0x08003c24                Reset_Handler
 .text.Default_Handler
                0x08003c6c        0x2 startup/startup_stm32f10x_md.o
                0x08003c6c                EXTI2_IRQHandler
                0x08003c6c                DebugMon_Handler
                0x08003c6c                TIM1_CC_IRQHandler
                0x08003c6c                HardFault_Handler
                0x08003c6c                PVD_IRQHandler
                0x08003c6c                PendSV_Handler
                0x08003c6c                NMI_Handler
                0x08003c6c                EXTI3_IRQHandler
                0x08003c6c                EXTI0_IRQHandler
                0x08003c6c                I2C2_EV_IRQHandler
                0x08003c6c                UsageFault_Handler
                0x08003c6c                ADC1_2_IRQHandler
                0x08003c6c                SPI1_IRQHandler
                0x08003c6c                TAMPER_IRQHandler
                0x08003c6c                DMA1_Channel4_IRQHandler
                0x08003c6c                USART3_IRQHandler
                0x08003c6c                RTC_IRQHandler
                0x08003c6c                DMA1_Channel7_IRQHandler
                0x08003c6c                CAN1_RX1_IRQHandler
                0x08003c6c                I2C1_EV_IRQHandler
                0x08003c6c                DMA1_Channel6_IRQHandler
                0x08003c6c                RCC_IRQHandler
                0x08003c6c                TIM1_TRG_COM_IRQHandler
                0x08003c6c                DMA1_Channel1_IRQHandler
                0x08003c6c                Default_Handler
                0x08003c6c                EXTI15_10_IRQHandler
                0x08003c6c                EXTI9_5_IRQHandler
                0x08003c6c                SPI2_IRQHandler
                0x08003c6c                MemManage_Handler
                0x08003c6c                SVC_Handler
                0x08003c6c                DMA1_Channel5_IRQHandler
                0x08003c6c                EXTI4_IRQHandler
                0x08003c6c                USB_LP_CAN1_RX0_IRQHandler
                0x08003c6c                USB_HP_CAN1_TX_IRQHandler
                0x08003c6c                DMA1_Channel3_IRQHandler
                0x08003c6c                TIM1_UP_IRQHandler
                0x08003c6c                WWDG_IRQHandler
                0x08003c6c                TIM1_BRK_IRQHandler
                0x08003c6c                EXTI1_IRQHandler
                0x08003c6c                RTCAlarm_IRQHandler
                0x08003c6c                USART2_IRQHandler
                0x08003c6c                I2C2_ER_IRQHandler
                0x08003c6c                DMA1_Channel2_IRQHandler
                0x08003c6c                CAN1_SCE_IRQHandler
                0x08003c6c                FLASH_IRQHandler
                0x08003c6c                BusFault_Handler
                0x08003c6c                USART1_IRQHandler
                0x08003c6c                I2C1_ER_IRQHandler
                0x08003c6c                USBWakeUp_IRQHandler
 *fill*         0x08003c6e        0x2 
 .text.__errno  0x08003c70        0xc c:/ac6/systemworkbench/plugins/fr.ac6.mcu.externaltools.arm-none.win32_1.17.0.201812190825/tools/compiler/bin/../lib/gcc/arm-none-eabi/7.3.1/../../../../arm-none-eabi/lib/thumb/v7-m\libc.a(lib_a-errno.o)
                0x08003c70                __errno
 .text.__libc_init_array
                0x08003c7c       0x48 c:/ac6/systemworkbench/plugins/fr.ac6.mcu.externaltools.arm-none.win32_1.17.0.201812190825/tools/compiler/bin/../lib/gcc/arm-none-eabi/7.3.1/../../../../arm-none-eabi/lib/thumb/v7-m\libc.a(lib_a-init.o)
                0x08003c7c                __libc_init_array
 .text.memset   0x08003cc4       0x94 c:/ac6/systemworkbench/plugins/fr.ac6.mcu.externaltools.arm-none.win32_1.17.0.201812190825/tools/compiler/bin/../lib/gcc/arm-none-eabi/7.3.1/../../../../arm-none-eabi/lib/thumb/v7-m\libc.a(lib_a-memset.o)
                0x08003cc4                memset
 .text.printf   0x08003d58       0x28 c:/ac6/systemworkbench/plugins/fr.ac6.mcu.externaltools.arm-none.win32_1.17.0.201812190825/tools/compiler/bin/../lib/gcc/arm-none-eabi/7.3.1/../../../../arm-none-eabi/lib/thumb/v7-m\libc.a(lib_a-printf.o)
                0x08003d58                printf
 .text._puts_r  0x08003d80       0x9c c:/ac6/systemworkbench/plugins/fr.ac6.mcu.externaltools.arm-none.win32_1.17.0.201812190825/tools/compiler/bin/../lib/gcc/arm-none-eabi/7.3.1/../../../../arm-none-eabi/lib/thumb/v7-m\libc.a(lib_a-puts.o)
                0x08003d80                _puts_r
 .text.puts     0x08003e1c       0x10 c:/ac6/systemworkbench/plugins/fr.ac6.mcu.externaltools.arm-none.win32_1.17.0.201812190825/tools/compiler/bin/../lib/gcc/arm-none-eabi/7.3.1/../../../../arm-none-eabi/lib/thumb/v7-m\libc.a(lib_a-puts.o)
                0x08003e1c                puts
 .text.strlen   0x08003e2c       0x5c c:/ac6/systemworkbench/plugins/fr.ac6.mcu.externaltools.arm-none.win32_1.17.0.201812190825/tools/compiler/bin/../lib/gcc/arm-none-eabi/7.3.1/../../../../arm-none-eabi/lib/thumb/v7-m\libc.a(lib_a-strlen-stub.o)
                0x08003e2c                strlen
 .text._vfprintf_r
                0x08003e88     0x1ac0 c:/ac6/systemworkbench/plugins/fr.ac6.mcu.externaltools.arm-none.win32_1.17.0.201812190825/tools/compiler/bin/../lib/gcc/arm-none-eabi/7.3.1/../../../../arm-none-eabi/lib/thumb/v7-m\libc.a(lib_a-vfprintf.o)
                0x08003e88                _vfprintf_r
 .text.__sbprintf
                0x08005948       0x88 c:/ac6/systemworkbench/plugins/fr.ac6.mcu.externaltools.arm-none.win32_1.17.0.201812190825/tools/compiler/bin/../lib/gcc/arm-none-eabi/7.3.1/../../../../arm-none-eabi/lib/thumb/v7-m\libc.a(lib_a-vfprintf.o)
 .text.__swsetup_r
                0x080059d0       0xcc c:/ac6/systemworkbench/plugins/fr.ac6.mcu.externaltools.arm-none.win32_1.17.0.201812190825/tools/compiler/bin/../lib/gcc/arm-none-eabi/7.3.1/../../../../arm-none-eabi/lib/thumb/v7-m\libc.a(lib_a-wsetup.o)
                0x080059d0                __swsetup_r
 .text.startup.register_fini
                0x08005a9c       0x14 c:/ac6/systemworkbench/plugins/fr.ac6.mcu.externaltools.arm-none.win32_1.17.0.201812190825/tools/compiler/bin/../lib/gcc/arm-none-eabi/7.3.1/../../../../arm-none-eabi/lib/thumb/v7-m\libc.a(lib_a-__call_atexit.o)
 .text.atexit   0x08005ab0        0xc c:/ac6/systemworkbench/plugins/fr.ac6.mcu.externaltools.arm-none.win32_1.17.0.201812190825/tools/compiler/bin/../lib/gcc/arm-none-eabi/7.3.1/../../../../arm-none-eabi/lib/thumb/v7-m\libc.a(lib_a-atexit.o)
                0x08005ab0                atexit
 .text.quorem   0x08005abc      0x124 c:/ac6/systemworkbench/plugins/fr.ac6.mcu.externaltools.arm-none.win32_1.17.0.201812190825/tools/compiler/bin/../lib/gcc/arm-none-eabi/7.3.1/../../../../arm-none-eabi/lib/thumb/v7-m\libc.a(lib_a-dtoa.o)
 .text._dtoa_r  0x08005be0      0xe30 c:/ac6/systemworkbench/plugins/fr.ac6.mcu.externaltools.arm-none.win32_1.17.0.201812190825/tools/compiler/bin/../lib/gcc/arm-none-eabi/7.3.1/../../../../arm-none-eabi/lib/thumb/v7-m\libc.a(lib_a-dtoa.o)
                0x08005be0                _dtoa_r
 .text.__sflush_r
                0x08006a10      0x154 c:/ac6/systemworkbench/plugins/fr.ac6.mcu.externaltools.arm-none.win32_1.17.0.201812190825/tools/compiler/bin/../lib/gcc/arm-none-eabi/7.3.1/../../../../arm-none-eabi/lib/thumb/v7-m\libc.a(lib_a-fflush.o)
                0x08006a10                __sflush_r
 .text._fflush_r
                0x08006b64       0x5c c:/ac6/systemworkbench/plugins/fr.ac6.mcu.externaltools.arm-none.win32_1.17.0.201812190825/tools/compiler/bin/../lib/gcc/arm-none-eabi/7.3.1/../../../../arm-none-eabi/lib/thumb/v7-m\libc.a(lib_a-fflush.o)
                0x08006b64                _fflush_r
 .text.std      0x08006bc0       0x50 c:/ac6/systemworkbench/plugins/fr.ac6.mcu.externaltools.arm-none.win32_1.17.0.201812190825/tools/compiler/bin/../lib/gcc/arm-none-eabi/7.3.1/../../../../arm-none-eabi/lib/thumb/v7-m\libc.a(lib_a-findfp.o)
 .text._cleanup_r
                0x08006c10        0xc c:/ac6/systemworkbench/plugins/fr.ac6.mcu.externaltools.arm-none.win32_1.17.0.201812190825/tools/compiler/bin/../lib/gcc/arm-none-eabi/7.3.1/../../../../arm-none-eabi/lib/thumb/v7-m\libc.a(lib_a-findfp.o)
                0x08006c10                _cleanup_r
 .text.__sinit  0x08006c1c       0x60 c:/ac6/systemworkbench/plugins/fr.ac6.mcu.externaltools.arm-none.win32_1.17.0.201812190825/tools/compiler/bin/../lib/gcc/arm-none-eabi/7.3.1/../../../../arm-none-eabi/lib/thumb/v7-m\libc.a(lib_a-findfp.o)
                0x08006c1c                __sinit
 .text.__sfp_lock_acquire
                0x08006c7c        0xc c:/ac6/systemworkbench/plugins/fr.ac6.mcu.externaltools.arm-none.win32_1.17.0.201812190825/tools/compiler/bin/../lib/gcc/arm-none-eabi/7.3.1/../../../../arm-none-eabi/lib/thumb/v7-m\libc.a(lib_a-findfp.o)
                0x08006c7c                __sfp_lock_acquire
 .text.__sfp_lock_release
                0x08006c88        0xc c:/ac6/systemworkbench/plugins/fr.ac6.mcu.externaltools.arm-none.win32_1.17.0.201812190825/tools/compiler/bin/../lib/gcc/arm-none-eabi/7.3.1/../../../../arm-none-eabi/lib/thumb/v7-m\libc.a(lib_a-findfp.o)
                0x08006c88                __sfp_lock_release
 .text.__libc_fini_array
                0x08006c94       0x34 c:/ac6/systemworkbench/plugins/fr.ac6.mcu.externaltools.arm-none.win32_1.17.0.201812190825/tools/compiler/bin/../lib/gcc/arm-none-eabi/7.3.1/../../../../arm-none-eabi/lib/thumb/v7-m\libc.a(lib_a-fini.o)
                0x08006c94                __libc_fini_array
 .text._malloc_trim_r
                0x08006cc8       0xa0 c:/ac6/systemworkbench/plugins/fr.ac6.mcu.externaltools.arm-none.win32_1.17.0.201812190825/tools/compiler/bin/../lib/gcc/arm-none-eabi/7.3.1/../../../../arm-none-eabi/lib/thumb/v7-m\libc.a(lib_a-freer.o)
                0x08006cc8                _malloc_trim_r
 .text._free_r  0x08006d68      0x1e8 c:/ac6/systemworkbench/plugins/fr.ac6.mcu.externaltools.arm-none.win32_1.17.0.201812190825/tools/compiler/bin/../lib/gcc/arm-none-eabi/7.3.1/../../../../arm-none-eabi/lib/thumb/v7-m\libc.a(lib_a-freer.o)
                0x08006d68                _free_r
 .text.__sfvwrite_r
                0x08006f50      0x2f4 c:/ac6/systemworkbench/plugins/fr.ac6.mcu.externaltools.arm-none.win32_1.17.0.201812190825/tools/compiler/bin/../lib/gcc/arm-none-eabi/7.3.1/../../../../arm-none-eabi/lib/thumb/v7-m\libc.a(lib_a-fvwrite.o)
                0x08006f50                __sfvwrite_r
 .text._fwalk_reent
                0x08007244       0x50 c:/ac6/systemworkbench/plugins/fr.ac6.mcu.externaltools.arm-none.win32_1.17.0.201812190825/tools/compiler/bin/../lib/gcc/arm-none-eabi/7.3.1/../../../../arm-none-eabi/lib/thumb/v7-m\libc.a(lib_a-fwalk.o)
                0x08007244                _fwalk_reent
 .text._localeconv_r
                0x08007294       0x1c c:/ac6/systemworkbench/plugins/fr.ac6.mcu.externaltools.arm-none.win32_1.17.0.201812190825/tools/compiler/bin/../lib/gcc/arm-none-eabi/7.3.1/../../../../arm-none-eabi/lib/thumb/v7-m\libc.a(lib_a-localeconv.o)
                0x08007294                _localeconv_r
 .text.__retarget_lock_init_recursive
                0x080072b0        0x4 c:/ac6/systemworkbench/plugins/fr.ac6.mcu.externaltools.arm-none.win32_1.17.0.201812190825/tools/compiler/bin/../lib/gcc/arm-none-eabi/7.3.1/../../../../arm-none-eabi/lib/thumb/v7-m\libc.a(lib_a-lock.o)
                0x080072b0                __retarget_lock_init_recursive
 .text.__retarget_lock_close_recursive
                0x080072b4        0x4 c:/ac6/systemworkbench/plugins/fr.ac6.mcu.externaltools.arm-none.win32_1.17.0.201812190825/tools/compiler/bin/../lib/gcc/arm-none-eabi/7.3.1/../../../../arm-none-eabi/lib/thumb/v7-m\libc.a(lib_a-lock.o)
                0x080072b4                __retarget_lock_close_recursive
 .text.__retarget_lock_acquire_recursive
                0x080072b8        0x4 c:/ac6/systemworkbench/plugins/fr.ac6.mcu.externaltools.arm-none.win32_1.17.0.201812190825/tools/compiler/bin/../lib/gcc/arm-none-eabi/7.3.1/../../../../arm-none-eabi/lib/thumb/v7-m\libc.a(lib_a-lock.o)
                0x080072b8                __retarget_lock_acquire_recursive
 .text.__retarget_lock_release_recursive
                0x080072bc        0x4 c:/ac6/systemworkbench/plugins/fr.ac6.mcu.externaltools.arm-none.win32_1.17.0.201812190825/tools/compiler/bin/../lib/gcc/arm-none-eabi/7.3.1/../../../../arm-none-eabi/lib/thumb/v7-m\libc.a(lib_a-lock.o)
                0x080072bc                __retarget_lock_release_recursive
 .text.__swhatbuf_r
                0x080072c0       0x5c c:/ac6/systemworkbench/plugins/fr.ac6.mcu.externaltools.arm-none.win32_1.17.0.201812190825/tools/compiler/bin/../lib/gcc/arm-none-eabi/7.3.1/../../../../arm-none-eabi/lib/thumb/v7-m\libc.a(lib_a-makebuf.o)
                0x080072c0                __swhatbuf_r
 .text.__smakebuf_r
                0x0800731c       0x94 c:/ac6/systemworkbench/plugins/fr.ac6.mcu.externaltools.arm-none.win32_1.17.0.201812190825/tools/compiler/bin/../lib/gcc/arm-none-eabi/7.3.1/../../../../arm-none-eabi/lib/thumb/v7-m\libc.a(lib_a-makebuf.o)
                0x0800731c                __smakebuf_r
 .text._malloc_r
                0x080073b0      0x524 c:/ac6/systemworkbench/plugins/fr.ac6.mcu.externaltools.arm-none.win32_1.17.0.201812190825/tools/compiler/bin/../lib/gcc/arm-none-eabi/7.3.1/../../../../arm-none-eabi/lib/thumb/v7-m\libc.a(lib_a-mallocr.o)
                0x080073b0                _malloc_r
 .text.memchr   0x080078d4       0x8c c:/ac6/systemworkbench/plugins/fr.ac6.mcu.externaltools.arm-none.win32_1.17.0.201812190825/tools/compiler/bin/../lib/gcc/arm-none-eabi/7.3.1/../../../../arm-none-eabi/lib/thumb/v7-m\libc.a(lib_a-memchr-stub.o)
                0x080078d4                memchr
 .text.memmove  0x08007960       0xc4 c:/ac6/systemworkbench/plugins/fr.ac6.mcu.externaltools.arm-none.win32_1.17.0.201812190825/tools/compiler/bin/../lib/gcc/arm-none-eabi/7.3.1/../../../../arm-none-eabi/lib/thumb/v7-m\libc.a(lib_a-memmove.o)
                0x08007960                memmove
 .text.__malloc_lock
                0x08007a24        0xc c:/ac6/systemworkbench/plugins/fr.ac6.mcu.externaltools.arm-none.win32_1.17.0.201812190825/tools/compiler/bin/../lib/gcc/arm-none-eabi/7.3.1/../../../../arm-none-eabi/lib/thumb/v7-m\libc.a(lib_a-mlock.o)
                0x08007a24                __malloc_lock
 .text.__malloc_unlock
                0x08007a30        0xc c:/ac6/systemworkbench/plugins/fr.ac6.mcu.externaltools.arm-none.win32_1.17.0.201812190825/tools/compiler/bin/../lib/gcc/arm-none-eabi/7.3.1/../../../../arm-none-eabi/lib/thumb/v7-m\libc.a(lib_a-mlock.o)
                0x08007a30                __malloc_unlock
 .text._Balloc  0x08007a3c       0x4c c:/ac6/systemworkbench/plugins/fr.ac6.mcu.externaltools.arm-none.win32_1.17.0.201812190825/tools/compiler/bin/../lib/gcc/arm-none-eabi/7.3.1/../../../../arm-none-eabi/lib/thumb/v7-m\libc.a(lib_a-mprec.o)
                0x08007a3c                _Balloc
 .text._Bfree   0x08007a88       0x14 c:/ac6/systemworkbench/plugins/fr.ac6.mcu.externaltools.arm-none.win32_1.17.0.201812190825/tools/compiler/bin/../lib/gcc/arm-none-eabi/7.3.1/../../../../arm-none-eabi/lib/thumb/v7-m\libc.a(lib_a-mprec.o)
                0x08007a88                _Bfree
 .text.__multadd
                0x08007a9c       0x84 c:/ac6/systemworkbench/plugins/fr.ac6.mcu.externaltools.arm-none.win32_1.17.0.201812190825/tools/compiler/bin/../lib/gcc/arm-none-eabi/7.3.1/../../../../arm-none-eabi/lib/thumb/v7-m\libc.a(lib_a-mprec.o)
                0x08007a9c                __multadd
 .text.__hi0bits
                0x08007b20       0x40 c:/ac6/systemworkbench/plugins/fr.ac6.mcu.externaltools.arm-none.win32_1.17.0.201812190825/tools/compiler/bin/../lib/gcc/arm-none-eabi/7.3.1/../../../../arm-none-eabi/lib/thumb/v7-m\libc.a(lib_a-mprec.o)
                0x08007b20                __hi0bits
 .text.__lo0bits
                0x08007b60       0x60 c:/ac6/systemworkbench/plugins/fr.ac6.mcu.externaltools.arm-none.win32_1.17.0.201812190825/tools/compiler/bin/../lib/gcc/arm-none-eabi/7.3.1/../../../../arm-none-eabi/lib/thumb/v7-m\libc.a(lib_a-mprec.o)
                0x08007b60                __lo0bits
 .text.__i2b    0x08007bc0       0x14 c:/ac6/systemworkbench/plugins/fr.ac6.mcu.externaltools.arm-none.win32_1.17.0.201812190825/tools/compiler/bin/../lib/gcc/arm-none-eabi/7.3.1/../../../../arm-none-eabi/lib/thumb/v7-m\libc.a(lib_a-mprec.o)
                0x08007bc0                __i2b
 .text.__multiply
                0x08007bd4      0x14c c:/ac6/systemworkbench/plugins/fr.ac6.mcu.externaltools.arm-none.win32_1.17.0.201812190825/tools/compiler/bin/../lib/gcc/arm-none-eabi/7.3.1/../../../../arm-none-eabi/lib/thumb/v7-m\libc.a(lib_a-mprec.o)
                0x08007bd4                __multiply
 .text.__pow5mult
                0x08007d20       0xa0 c:/ac6/systemworkbench/plugins/fr.ac6.mcu.externaltools.arm-none.win32_1.17.0.201812190825/tools/compiler/bin/../lib/gcc/arm-none-eabi/7.3.1/../../../../arm-none-eabi/lib/thumb/v7-m\libc.a(lib_a-mprec.o)
                0x08007d20                __pow5mult
 .text.__lshift
                0x08007dc0       0xb4 c:/ac6/systemworkbench/plugins/fr.ac6.mcu.externaltools.arm-none.win32_1.17.0.201812190825/tools/compiler/bin/../lib/gcc/arm-none-eabi/7.3.1/../../../../arm-none-eabi/lib/thumb/v7-m\libc.a(lib_a-mprec.o)
                0x08007dc0                __lshift
 .text.__mcmp   0x08007e74       0x38 c:/ac6/systemworkbench/plugins/fr.ac6.mcu.externaltools.arm-none.win32_1.17.0.201812190825/tools/compiler/bin/../lib/gcc/arm-none-eabi/7.3.1/../../../../arm-none-eabi/lib/thumb/v7-m\libc.a(lib_a-mprec.o)
                0x08007e74                __mcmp
 .text.__mdiff  0x08007eac      0x100 c:/ac6/systemworkbench/plugins/fr.ac6.mcu.externaltools.arm-none.win32_1.17.0.201812190825/tools/compiler/bin/../lib/gcc/arm-none-eabi/7.3.1/../../../../arm-none-eabi/lib/thumb/v7-m\libc.a(lib_a-mprec.o)
                0x08007eac                __mdiff
 .text.__d2b    0x08007fac       0xb0 c:/ac6/systemworkbench/plugins/fr.ac6.mcu.externaltools.arm-none.win32_1.17.0.201812190825/tools/compiler/bin/../lib/gcc/arm-none-eabi/7.3.1/../../../../arm-none-eabi/lib/thumb/v7-m\libc.a(lib_a-mprec.o)
                0x08007fac                __d2b
 .text._realloc_r
                0x0800805c      0x374 c:/ac6/systemworkbench/plugins/fr.ac6.mcu.externaltools.arm-none.win32_1.17.0.201812190825/tools/compiler/bin/../lib/gcc/arm-none-eabi/7.3.1/../../../../arm-none-eabi/lib/thumb/v7-m\libc.a(lib_a-reallocr.o)
                0x0800805c                _realloc_r
 .text.frexp    0x080083d0       0x64 c:/ac6/systemworkbench/plugins/fr.ac6.mcu.externaltools.arm-none.win32_1.17.0.201812190825/tools/compiler/bin/../lib/gcc/arm-none-eabi/7.3.1/../../../../arm-none-eabi/lib/thumb/v7-m\libc.a(lib_a-s_frexp.o)
                0x080083d0                frexp
 .text._sbrk_r  0x08008434       0x24 c:/ac6/systemworkbench/plugins/fr.ac6.mcu.externaltools.arm-none.win32_1.17.0.201812190825/tools/compiler/bin/../lib/gcc/arm-none-eabi/7.3.1/../../../../arm-none-eabi/lib/thumb/v7-m\libc.a(lib_a-sbrkr.o)
                0x08008434                _sbrk_r
 .text.__sread  0x08008458       0x24 c:/ac6/systemworkbench/plugins/fr.ac6.mcu.externaltools.arm-none.win32_1.17.0.201812190825/tools/compiler/bin/../lib/gcc/arm-none-eabi/7.3.1/../../../../arm-none-eabi/lib/thumb/v7-m\libc.a(lib_a-stdio.o)
                0x08008458                __sread
 .text.__swrite
                0x0800847c       0x3c c:/ac6/systemworkbench/plugins/fr.ac6.mcu.externaltools.arm-none.win32_1.17.0.201812190825/tools/compiler/bin/../lib/gcc/arm-none-eabi/7.3.1/../../../../arm-none-eabi/lib/thumb/v7-m\libc.a(lib_a-stdio.o)
                0x0800847c                __swrite
 .text.__sseek  0x080084b8       0x20 c:/ac6/systemworkbench/plugins/fr.ac6.mcu.externaltools.arm-none.win32_1.17.0.201812190825/tools/compiler/bin/../lib/gcc/arm-none-eabi/7.3.1/../../../../arm-none-eabi/lib/thumb/v7-m\libc.a(lib_a-stdio.o)
                0x080084b8                __sseek
 .text.__sclose
                0x080084d8        0x8 c:/ac6/systemworkbench/plugins/fr.ac6.mcu.externaltools.arm-none.win32_1.17.0.201812190825/tools/compiler/bin/../lib/gcc/arm-none-eabi/7.3.1/../../../../arm-none-eabi/lib/thumb/v7-m\libc.a(lib_a-stdio.o)
                0x080084d8                __sclose
 .text.strncpy  0x080084e0       0x64 c:/ac6/systemworkbench/plugins/fr.ac6.mcu.externaltools.arm-none.win32_1.17.0.201812190825/tools/compiler/bin/../lib/gcc/arm-none-eabi/7.3.1/../../../../arm-none-eabi/lib/thumb/v7-m\libc.a(lib_a-strncpy.o)
                0x080084e0                strncpy
 .text.__sprint_r.part.0
                0x08008544       0x78 c:/ac6/systemworkbench/plugins/fr.ac6.mcu.externaltools.arm-none.win32_1.17.0.201812190825/tools/compiler/bin/../lib/gcc/arm-none-eabi/7.3.1/../../../../arm-none-eabi/lib/thumb/v7-m\libc.a(lib_a-vfiprintf.o)
 .text.__sprint_r
                0x080085bc       0x14 c:/ac6/systemworkbench/plugins/fr.ac6.mcu.externaltools.arm-none.win32_1.17.0.201812190825/tools/compiler/bin/../lib/gcc/arm-none-eabi/7.3.1/../../../../arm-none-eabi/lib/thumb/v7-m\libc.a(lib_a-vfiprintf.o)
                0x080085bc                __sprint_r
 .text._write_r
                0x080085d0       0x2c c:/ac6/systemworkbench/plugins/fr.ac6.mcu.externaltools.arm-none.win32_1.17.0.201812190825/tools/compiler/bin/../lib/gcc/arm-none-eabi/7.3.1/../../../../arm-none-eabi/lib/thumb/v7-m\libc.a(lib_a-writer.o)
                0x080085d0                _write_r
 .text.__register_exitproc
                0x080085fc       0xc0 c:/ac6/systemworkbench/plugins/fr.ac6.mcu.externaltools.arm-none.win32_1.17.0.201812190825/tools/compiler/bin/../lib/gcc/arm-none-eabi/7.3.1/../../../../arm-none-eabi/lib/thumb/v7-m\libc.a(lib_a-__atexit.o)
                0x080085fc                __register_exitproc
 .text._calloc_r
                0x080086bc       0x6c c:/ac6/systemworkbench/plugins/fr.ac6.mcu.externaltools.arm-none.win32_1.17.0.201812190825/tools/compiler/bin/../lib/gcc/arm-none-eabi/7.3.1/../../../../arm-none-eabi/lib/thumb/v7-m\libc.a(lib_a-callocr.o)
                0x080086bc                _calloc_r
 .text._close_r
                0x08008728       0x24 c:/ac6/systemworkbench/plugins/fr.ac6.mcu.externaltools.arm-none.win32_1.17.0.201812190825/tools/compiler/bin/../lib/gcc/arm-none-eabi/7.3.1/../../../../arm-none-eabi/lib/thumb/v7-m\libc.a(lib_a-closer.o)
                0x08008728                _close_r
 .text._fclose_r
                0x0800874c       0xd0 c:/ac6/systemworkbench/plugins/fr.ac6.mcu.externaltools.arm-none.win32_1.17.0.201812190825/tools/compiler/bin/../lib/gcc/arm-none-eabi/7.3.1/../../../../arm-none-eabi/lib/thumb/v7-m\libc.a(lib_a-fclose.o)
                0x0800874c                _fclose_r
 .text.__fputwc
                0x0800881c       0x94 c:/ac6/systemworkbench/plugins/fr.ac6.mcu.externaltools.arm-none.win32_1.17.0.201812190825/tools/compiler/bin/../lib/gcc/arm-none-eabi/7.3.1/../../../../arm-none-eabi/lib/thumb/v7-m\libc.a(lib_a-fputwc.o)
                0x0800881c                __fputwc
 .text._fputwc_r
                0x080088b0       0x64 c:/ac6/systemworkbench/plugins/fr.ac6.mcu.externaltools.arm-none.win32_1.17.0.201812190825/tools/compiler/bin/../lib/gcc/arm-none-eabi/7.3.1/../../../../arm-none-eabi/lib/thumb/v7-m\libc.a(lib_a-fputwc.o)
                0x080088b0                _fputwc_r
 .text._fstat_r
                0x08008914       0x28 c:/ac6/systemworkbench/plugins/fr.ac6.mcu.externaltools.arm-none.win32_1.17.0.201812190825/tools/compiler/bin/../lib/gcc/arm-none-eabi/7.3.1/../../../../arm-none-eabi/lib/thumb/v7-m\libc.a(lib_a-fstatr.o)
                0x08008914                _fstat_r
 .text._isatty_r
                0x0800893c       0x24 c:/ac6/systemworkbench/plugins/fr.ac6.mcu.externaltools.arm-none.win32_1.17.0.201812190825/tools/compiler/bin/../lib/gcc/arm-none-eabi/7.3.1/../../../../arm-none-eabi/lib/thumb/v7-m\libc.a(lib_a-isattyr.o)
                0x0800893c                _isatty_r
 .text.__locale_mb_cur_max
                0x08008960       0x1c c:/ac6/systemworkbench/plugins/fr.ac6.mcu.externaltools.arm-none.win32_1.17.0.201812190825/tools/compiler/bin/../lib/gcc/arm-none-eabi/7.3.1/../../../../arm-none-eabi/lib/thumb/v7-m\libc.a(lib_a-locale.o)
                0x08008960                __locale_mb_cur_max
 .text._lseek_r
                0x0800897c       0x2c c:/ac6/systemworkbench/plugins/fr.ac6.mcu.externaltools.arm-none.win32_1.17.0.201812190825/tools/compiler/bin/../lib/gcc/arm-none-eabi/7.3.1/../../../../arm-none-eabi/lib/thumb/v7-m\libc.a(lib_a-lseekr.o)
                0x0800897c                _lseek_r
 .text.__ascii_mbtowc
                0x080089a8       0x2c c:/ac6/systemworkbench/plugins/fr.ac6.mcu.externaltools.arm-none.win32_1.17.0.201812190825/tools/compiler/bin/../lib/gcc/arm-none-eabi/7.3.1/../../../../arm-none-eabi/lib/thumb/v7-m\libc.a(lib_a-mbtowc_r.o)
                0x080089a8                __ascii_mbtowc
 .text._read_r  0x080089d4       0x2c c:/ac6/systemworkbench/plugins/fr.ac6.mcu.externaltools.arm-none.win32_1.17.0.201812190825/tools/compiler/bin/../lib/gcc/arm-none-eabi/7.3.1/../../../../arm-none-eabi/lib/thumb/v7-m\libc.a(lib_a-readr.o)
                0x080089d4                _read_r
 .text.__swbuf_r
                0x08008a00       0xb0 c:/ac6/systemworkbench/plugins/fr.ac6.mcu.externaltools.arm-none.win32_1.17.0.201812190825/tools/compiler/bin/../lib/gcc/arm-none-eabi/7.3.1/../../../../arm-none-eabi/lib/thumb/v7-m\libc.a(lib_a-wbuf.o)
                0x08008a00                __swbuf_r
 .text._wcrtomb_r
                0x08008ab0       0x54 c:/ac6/systemworkbench/plugins/fr.ac6.mcu.externaltools.arm-none.win32_1.17.0.201812190825/tools/compiler/bin/../lib/gcc/arm-none-eabi/7.3.1/../../../../arm-none-eabi/lib/thumb/v7-m\libc.a(lib_a-wcrtomb.o)
                0x08008ab0                _wcrtomb_r
 .text.__ascii_wctomb
                0x08008b04       0x18 c:/ac6/systemworkbench/plugins/fr.ac6.mcu.externaltools.arm-none.win32_1.17.0.201812190825/tools/compiler/bin/../lib/gcc/arm-none-eabi/7.3.1/../../../../arm-none-eabi/lib/thumb/v7-m\libc.a(lib_a-wctomb_r.o)
                0x08008b04                __ascii_wctomb
 *(.glue_7)
 .glue_7        0x08008b1c        0x0 linker stubs
 *(.glue_7t)
 .glue_7t       0x08008b1c        0x0 linker stubs
 *(.eh_frame)
 .eh_frame      0x08008b1c        0x0 c:/ac6/systemworkbench/plugins/fr.ac6.mcu.externaltools.arm-none.win32_1.17.0.201812190825/tools/compiler/bin/../lib/gcc/arm-none-eabi/7.3.1/thumb/v7-m/crtbegin.o
 *(.init)
 .init          0x08008b1c        0x4 c:/ac6/systemworkbench/plugins/fr.ac6.mcu.externaltools.arm-none.win32_1.17.0.201812190825/tools/compiler/bin/../lib/gcc/arm-none-eabi/7.3.1/thumb/v7-m/crti.o
                0x08008b1c                _init
 .init          0x08008b20        0x8 c:/ac6/systemworkbench/plugins/fr.ac6.mcu.externaltools.arm-none.win32_1.17.0.201812190825/tools/compiler/bin/../lib/gcc/arm-none-eabi/7.3.1/thumb/v7-m/crtn.o
 *(.fini)
 .fini          0x08008b28        0x4 c:/ac6/systemworkbench/plugins/fr.ac6.mcu.externaltools.arm-none.win32_1.17.0.201812190825/tools/compiler/bin/../lib/gcc/arm-none-eabi/7.3.1/thumb/v7-m/crti.o
                0x08008b28                _fini
 .fini          0x08008b2c        0x8 c:/ac6/systemworkbench/plugins/fr.ac6.mcu.externaltools.arm-none.win32_1.17.0.201812190825/tools/compiler/bin/../lib/gcc/arm-none-eabi/7.3.1/thumb/v7-m/crtn.o
                0x08008b34                . = ALIGN (0x4)
                0x08008b34                _etext = .

.vfp11_veneer   0x08008b34        0x0
 .vfp11_veneer  0x08008b34        0x0 linker stubs

.v4_bx          0x08008b34        0x0
 .v4_bx         0x08008b34        0x0 linker stubs

.iplt           0x08008b34        0x0
 .iplt          0x08008b34        0x0 c:/ac6/systemworkbench/plugins/fr.ac6.mcu.externaltools.arm-none.win32_1.17.0.201812190825/tools/compiler/bin/../lib/gcc/arm-none-eabi/7.3.1/thumb/v7-m/crtbegin.o

.rodata         0x08008b38      0x2e0
                0x08008b38                . = ALIGN (0x4)
 *(.rodata)
 .rodata        0x08008b38       0x53 src/read_RTC.o
 *(.rodata*)
 *fill*         0x08008b8b        0x1 
 .rodata._global_impure_ptr
                0x08008b8c        0x4 c:/ac6/systemworkbench/plugins/fr.ac6.mcu.externaltools.arm-none.win32_1.17.0.201812190825/tools/compiler/bin/../lib/gcc/arm-none-eabi/7.3.1/../../../../arm-none-eabi/lib/thumb/v7-m\libc.a(lib_a-impure.o)
                0x08008b8c                _global_impure_ptr
 .rodata._puts_r.str1.4
                0x08008b90        0x2 c:/ac6/systemworkbench/plugins/fr.ac6.mcu.externaltools.arm-none.win32_1.17.0.201812190825/tools/compiler/bin/../lib/gcc/arm-none-eabi/7.3.1/../../../../arm-none-eabi/lib/thumb/v7-m\libc.a(lib_a-puts.o)
 *fill*         0x08008b92        0x2 
 .rodata._vfprintf_r.str1.4
                0x08008b94       0x42 c:/ac6/systemworkbench/plugins/fr.ac6.mcu.externaltools.arm-none.win32_1.17.0.201812190825/tools/compiler/bin/../lib/gcc/arm-none-eabi/7.3.1/../../../../arm-none-eabi/lib/thumb/v7-m\libc.a(lib_a-vfprintf.o)
 *fill*         0x08008bd6        0x2 
 .rodata.blanks.7330
                0x08008bd8       0x10 c:/ac6/systemworkbench/plugins/fr.ac6.mcu.externaltools.arm-none.win32_1.17.0.201812190825/tools/compiler/bin/../lib/gcc/arm-none-eabi/7.3.1/../../../../arm-none-eabi/lib/thumb/v7-m\libc.a(lib_a-vfprintf.o)
 .rodata.zeroes.7331
                0x08008be8       0x10 c:/ac6/systemworkbench/plugins/fr.ac6.mcu.externaltools.arm-none.win32_1.17.0.201812190825/tools/compiler/bin/../lib/gcc/arm-none-eabi/7.3.1/../../../../arm-none-eabi/lib/thumb/v7-m\libc.a(lib_a-vfprintf.o)
 .rodata._dtoa_r.str1.4
                0x08008bf8       0x10 c:/ac6/systemworkbench/plugins/fr.ac6.mcu.externaltools.arm-none.win32_1.17.0.201812190825/tools/compiler/bin/../lib/gcc/arm-none-eabi/7.3.1/../../../../arm-none-eabi/lib/thumb/v7-m\libc.a(lib_a-dtoa.o)
                                 0x12 (size before relaxing)
 .rodata.__mprec_bigtens
                0x08008c08       0x28 c:/ac6/systemworkbench/plugins/fr.ac6.mcu.externaltools.arm-none.win32_1.17.0.201812190825/tools/compiler/bin/../lib/gcc/arm-none-eabi/7.3.1/../../../../arm-none-eabi/lib/thumb/v7-m\libc.a(lib_a-mprec.o)
                0x08008c08                __mprec_bigtens
 .rodata.__mprec_tens
                0x08008c30       0xc8 c:/ac6/systemworkbench/plugins/fr.ac6.mcu.externaltools.arm-none.win32_1.17.0.201812190825/tools/compiler/bin/../lib/gcc/arm-none-eabi/7.3.1/../../../../arm-none-eabi/lib/thumb/v7-m\libc.a(lib_a-mprec.o)
                0x08008c30                __mprec_tens
 .rodata.p05.6092
                0x08008cf8        0xc c:/ac6/systemworkbench/plugins/fr.ac6.mcu.externaltools.arm-none.win32_1.17.0.201812190825/tools/compiler/bin/../lib/gcc/arm-none-eabi/7.3.1/../../../../arm-none-eabi/lib/thumb/v7-m\libc.a(lib_a-mprec.o)
 .rodata._setlocale_r.str1.4
                0x08008d04        0xa c:/ac6/systemworkbench/plugins/fr.ac6.mcu.externaltools.arm-none.win32_1.17.0.201812190825/tools/compiler/bin/../lib/gcc/arm-none-eabi/7.3.1/../../../../arm-none-eabi/lib/thumb/v7-m\libc.a(lib_a-locale.o)
                                  0xd (size before relaxing)
 *fill*         0x08008d0e        0x2 
 .rodata.str1.4
                0x08008d10        0x4 c:/ac6/systemworkbench/plugins/fr.ac6.mcu.externaltools.arm-none.win32_1.17.0.201812190825/tools/compiler/bin/../lib/gcc/arm-none-eabi/7.3.1/../../../../arm-none-eabi/lib/thumb/v7-m\libc.a(lib_a-locale.o)
                                  0x2 (size before relaxing)
 .rodata._ctype_
                0x08008d14      0x101 c:/ac6/systemworkbench/plugins/fr.ac6.mcu.externaltools.arm-none.win32_1.17.0.201812190825/tools/compiler/bin/../lib/gcc/arm-none-eabi/7.3.1/../../../../arm-none-eabi/lib/thumb/v7-m\libc.a(lib_a-ctype_.o)
                0x08008d14                _ctype_
                0x08008e18                . = ALIGN (0x4)
 *fill*         0x08008e15        0x3 

.ARM.extab
 *(.ARM.extab* .gnu.linkonce.armextab.*)

.ARM            0x08008e18        0x8
                0x08008e18                __exidx_start = .
 *(.ARM.exidx*)
 .ARM.exidx     0x08008e18        0x8 c:/ac6/systemworkbench/plugins/fr.ac6.mcu.externaltools.arm-none.win32_1.17.0.201812190825/tools/compiler/bin/../lib/gcc/arm-none-eabi/7.3.1/thumb/v7-m\libgcc.a(_udivmoddi4.o)
                0x08008e20                __exidx_end = .

.rel.dyn        0x08008e20        0x0
 .rel.iplt      0x08008e20        0x0 c:/ac6/systemworkbench/plugins/fr.ac6.mcu.externaltools.arm-none.win32_1.17.0.201812190825/tools/compiler/bin/../lib/gcc/arm-none-eabi/7.3.1/thumb/v7-m/crtbegin.o

.preinit_array  0x08008e20        0x0
                0x08008e20                PROVIDE (__preinit_array_start = .)
 *(.preinit_array*)
                0x08008e20                PROVIDE (__preinit_array_end = .)

.init_array     0x08008e20        0x8
                0x08008e20                PROVIDE (__init_array_start = .)
 *(SORT_BY_NAME(.init_array.*))
 .init_array.00000
                0x08008e20        0x4 c:/ac6/systemworkbench/plugins/fr.ac6.mcu.externaltools.arm-none.win32_1.17.0.201812190825/tools/compiler/bin/../lib/gcc/arm-none-eabi/7.3.1/../../../../arm-none-eabi/lib/thumb/v7-m\libc.a(lib_a-__call_atexit.o)
 *(.init_array*)
 .init_array    0x08008e24        0x4 c:/ac6/systemworkbench/plugins/fr.ac6.mcu.externaltools.arm-none.win32_1.17.0.201812190825/tools/compiler/bin/../lib/gcc/arm-none-eabi/7.3.1/thumb/v7-m/crtbegin.o
                0x08008e28                PROVIDE (__init_array_end = .)

.fini_array     0x08008e28        0x4
                0x08008e28                PROVIDE (__fini_array_start = .)
 *(SORT_BY_NAME(.fini_array.*))
 *(.fini_array*)
 .fini_array    0x08008e28        0x4 c:/ac6/systemworkbench/plugins/fr.ac6.mcu.externaltools.arm-none.win32_1.17.0.201812190825/tools/compiler/bin/../lib/gcc/arm-none-eabi/7.3.1/thumb/v7-m/crtbegin.o
                0x08008e2c                PROVIDE (__fini_array_end = .)
                0x08008e2c                _sidata = LOADADDR (.data)

.data           0x20000000      0x9d8 load address 0x08008e2c
                0x20000000                . = ALIGN (0x4)
                0x20000000                _sdata = .
 *(.data)
 .data          0x20000000       0x14 StdPeriph_Driver/src/stm32f10x_rcc.o
 .data          0x20000014       0x14 src/main.o
                0x20000014                delay
                0x20000016                strob
                0x20000018                H10
                0x2000001a                H1
                0x2000001c                HH
                0x2000001e                M10
                0x20000020                M1
                0x20000022                MM
                0x20000024                S10
                0x20000026                S1
 *(.data*)
 .data._impure_ptr
                0x20000028        0x4 c:/ac6/systemworkbench/plugins/fr.ac6.mcu.externaltools.arm-none.win32_1.17.0.201812190825/tools/compiler/bin/../lib/gcc/arm-none-eabi/7.3.1/../../../../arm-none-eabi/lib/thumb/v7-m\libc.a(lib_a-impure.o)
                0x20000028                _impure_ptr
 *fill*         0x2000002c        0x4 
 .data.impure_data
                0x20000030      0x428 c:/ac6/systemworkbench/plugins/fr.ac6.mcu.externaltools.arm-none.win32_1.17.0.201812190825/tools/compiler/bin/../lib/gcc/arm-none-eabi/7.3.1/../../../../arm-none-eabi/lib/thumb/v7-m\libc.a(lib_a-impure.o)
 .data.__atexit_recursive_mutex
                0x20000458        0x4 c:/ac6/systemworkbench/plugins/fr.ac6.mcu.externaltools.arm-none.win32_1.17.0.201812190825/tools/compiler/bin/../lib/gcc/arm-none-eabi/7.3.1/../../../../arm-none-eabi/lib/thumb/v7-m\libc.a(lib_a-__call_atexit.o)
                0x20000458                __atexit_recursive_mutex
 .data.__malloc_av_
                0x2000045c      0x408 c:/ac6/systemworkbench/plugins/fr.ac6.mcu.externaltools.arm-none.win32_1.17.0.201812190825/tools/compiler/bin/../lib/gcc/arm-none-eabi/7.3.1/../../../../arm-none-eabi/lib/thumb/v7-m\libc.a(lib_a-mallocr.o)
                0x2000045c                __malloc_av_
 .data.__malloc_sbrk_base
                0x20000864        0x4 c:/ac6/systemworkbench/plugins/fr.ac6.mcu.externaltools.arm-none.win32_1.17.0.201812190825/tools/compiler/bin/../lib/gcc/arm-none-eabi/7.3.1/../../../../arm-none-eabi/lib/thumb/v7-m\libc.a(lib_a-mallocr.o)
                0x20000864                __malloc_sbrk_base
 .data.__malloc_trim_threshold
                0x20000868        0x4 c:/ac6/systemworkbench/plugins/fr.ac6.mcu.externaltools.arm-none.win32_1.17.0.201812190825/tools/compiler/bin/../lib/gcc/arm-none-eabi/7.3.1/../../../../arm-none-eabi/lib/thumb/v7-m\libc.a(lib_a-mallocr.o)
                0x20000868                __malloc_trim_threshold
 .data.__global_locale
                0x2000086c      0x16c c:/ac6/systemworkbench/plugins/fr.ac6.mcu.externaltools.arm-none.win32_1.17.0.201812190825/tools/compiler/bin/../lib/gcc/arm-none-eabi/7.3.1/../../../../arm-none-eabi/lib/thumb/v7-m\libc.a(lib_a-locale.o)
                0x2000086c                __global_locale
                0x200009d8                . = ALIGN (0x4)
                0x200009d8                _edata = .

.igot.plt       0x200009d8        0x0 load address 0x08009804
 .igot.plt      0x200009d8        0x0 c:/ac6/systemworkbench/plugins/fr.ac6.mcu.externaltools.arm-none.win32_1.17.0.201812190825/tools/compiler/bin/../lib/gcc/arm-none-eabi/7.3.1/thumb/v7-m/crtbegin.o
                0x200009d8                . = ALIGN (0x4)

.bss            0x200009d8       0x98 load address 0x08009804
                0x200009d8                _sbss = .
                0x200009d8                __bss_start__ = _sbss
 *(.bss)
 .bss           0x200009d8       0x1c c:/ac6/systemworkbench/plugins/fr.ac6.mcu.externaltools.arm-none.win32_1.17.0.201812190825/tools/compiler/bin/../lib/gcc/arm-none-eabi/7.3.1/thumb/v7-m/crtbegin.o
 .bss           0x200009f4       0x11 src/main.o
                0x200009f4                SysTick1ms
                0x200009f6                SysTick100ms
                0x200009f8                step
                0x200009fc                Task100ms
                0x200009fd                Task1ms
                0x200009fe                h_decade
                0x200009ff                h_unit
                0x20000a00                m_decade
                0x20000a01                m_unit
                0x20000a02                s_decade
                0x20000a03                s_unit
                0x20000a04                colon_toggle
 *fill*         0x20000a05        0x3 
 .bss           0x20000a08        0x8 src/syscalls.o
                0x20000a08                __env
 *(.bss*)
 .bss.__malloc_current_mallinfo
                0x20000a10       0x28 c:/ac6/systemworkbench/plugins/fr.ac6.mcu.externaltools.arm-none.win32_1.17.0.201812190825/tools/compiler/bin/../lib/gcc/arm-none-eabi/7.3.1/../../../../arm-none-eabi/lib/thumb/v7-m\libc.a(lib_a-mallocr.o)
                0x20000a10                __malloc_current_mallinfo
 .bss.__malloc_max_sbrked_mem
                0x20000a38        0x4 c:/ac6/systemworkbench/plugins/fr.ac6.mcu.externaltools.arm-none.win32_1.17.0.201812190825/tools/compiler/bin/../lib/gcc/arm-none-eabi/7.3.1/../../../../arm-none-eabi/lib/thumb/v7-m\libc.a(lib_a-mallocr.o)
                0x20000a38                __malloc_max_sbrked_mem
 .bss.__malloc_max_total_mem
                0x20000a3c        0x4 c:/ac6/systemworkbench/plugins/fr.ac6.mcu.externaltools.arm-none.win32_1.17.0.201812190825/tools/compiler/bin/../lib/gcc/arm-none-eabi/7.3.1/../../../../arm-none-eabi/lib/thumb/v7-m\libc.a(lib_a-mallocr.o)
                0x20000a3c                __malloc_max_total_mem
 .bss.__malloc_top_pad
                0x20000a40        0x4 c:/ac6/systemworkbench/plugins/fr.ac6.mcu.externaltools.arm-none.win32_1.17.0.201812190825/tools/compiler/bin/../lib/gcc/arm-none-eabi/7.3.1/../../../../arm-none-eabi/lib/thumb/v7-m\libc.a(lib_a-mallocr.o)
                0x20000a40                __malloc_top_pad
 *(COMMON)
 COMMON         0x20000a44        0x2 src/main.o
                0x20000a44                FullSpin
 *fill*         0x20000a46        0x2 
 COMMON         0x20000a48       0x21 c:/ac6/systemworkbench/plugins/fr.ac6.mcu.externaltools.arm-none.win32_1.17.0.201812190825/tools/compiler/bin/../lib/gcc/arm-none-eabi/7.3.1/../../../../arm-none-eabi/lib/thumb/v7-m\libc.a(lib_a-lock.o)
                0x20000a48                __lock___atexit_recursive_mutex
                0x20000a4c                __lock___arc4random_mutex
                0x20000a50                __lock___env_recursive_mutex
                0x20000a54                __lock___sinit_recursive_mutex
                0x20000a58                __lock___malloc_recursive_mutex
                0x20000a5c                __lock___at_quick_exit_mutex
                0x20000a60                __lock___dd_hash_mutex
                0x20000a64                __lock___tz_mutex
                0x20000a68                __lock___sfp_recursive_mutex
 *fill*         0x20000a69        0x3 
 COMMON         0x20000a6c        0x4 c:/ac6/systemworkbench/plugins/fr.ac6.mcu.externaltools.arm-none.win32_1.17.0.201812190825/tools/compiler/bin/../lib/gcc/arm-none-eabi/7.3.1/../../../../arm-none-eabi/lib/thumb/v7-m\libc.a(lib_a-reent.o)
                0x20000a6c                errno
                0x20000a70                . = ALIGN (0x4)
                0x20000a70                _ebss = .
                0x20000a70                __bss_end__ = _ebss

._user_heap_stack
                0x20000a70      0x100 load address 0x08009804
                0x20000a70                . = ALIGN (0x8)
                0x20000a70                PROVIDE (end = .)
                [!provide]                PROVIDE (_end = .)
                0x20000a70                . = (. + _Min_Heap_Size)
                0x20000b70                . = (. + _Min_Stack_Size)
 *fill*         0x20000a70      0x100 
                0x20000b70                . = ALIGN (0x8)

.memory_b1_text
 *(.mb1text)
 *(.mb1text*)
 *(.mb1rodata)
 *(.mb1rodata*)

/DISCARD/
 libc.a(*)
 libm.a(*)
 libgcc.a(*)

.ARM.attributes
                0x00000000       0x29
 *(.ARM.attributes)
 .ARM.attributes
                0x00000000       0x1d c:/ac6/systemworkbench/plugins/fr.ac6.mcu.externaltools.arm-none.win32_1.17.0.201812190825/tools/compiler/bin/../lib/gcc/arm-none-eabi/7.3.1/thumb/v7-m/crti.o
 .ARM.attributes
                0x0000001d       0x2d c:/ac6/systemworkbench/plugins/fr.ac6.mcu.externaltools.arm-none.win32_1.17.0.201812190825/tools/compiler/bin/../lib/gcc/arm-none-eabi/7.3.1/thumb/v7-m/crtbegin.o
 .ARM.attributes
                0x0000004a       0x33 StdPeriph_Driver/src/misc.o
 .ARM.attributes
                0x0000007d       0x33 StdPeriph_Driver/src/stm32f10x_gpio.o
 .ARM.attributes
                0x000000b0       0x33 StdPeriph_Driver/src/stm32f10x_i2c.o
 .ARM.attributes
                0x000000e3       0x33 StdPeriph_Driver/src/stm32f10x_rcc.o
 .ARM.attributes
                0x00000116       0x33 StdPeriph_Driver/src/stm32f10x_tim.o
 .ARM.attributes
                0x00000149       0x33 StdPeriph_Driver/src/stm32f10x_usart.o
 .ARM.attributes
                0x0000017c       0x33 src/UART.o
 .ARM.attributes
                0x000001af       0x33 src/main.o
 .ARM.attributes
                0x000001e2       0x33 src/read_RTC.o
 .ARM.attributes
                0x00000215       0x33 src/syscalls.o
 .ARM.attributes
                0x00000248       0x33 src/system_stm32f10x.o
 .ARM.attributes
                0x0000027b       0x21 startup/startup_stm32f10x_md.o
 .ARM.attributes
                0x0000029c       0x2d c:/ac6/systemworkbench/plugins/fr.ac6.mcu.externaltools.arm-none.win32_1.17.0.201812190825/tools/compiler/bin/../lib/gcc/arm-none-eabi/7.3.1/../../../../arm-none-eabi/lib/thumb/v7-m\libc.a(lib_a-errno.o)
 .ARM.attributes
                0x000002c9       0x2d c:/ac6/systemworkbench/plugins/fr.ac6.mcu.externaltools.arm-none.win32_1.17.0.201812190825/tools/compiler/bin/../lib/gcc/arm-none-eabi/7.3.1/../../../../arm-none-eabi/lib/thumb/v7-m\libc.a(lib_a-impure.o)
 .ARM.attributes
                0x000002f6       0x2d c:/ac6/systemworkbench/plugins/fr.ac6.mcu.externaltools.arm-none.win32_1.17.0.201812190825/tools/compiler/bin/../lib/gcc/arm-none-eabi/7.3.1/../../../../arm-none-eabi/lib/thumb/v7-m\libc.a(lib_a-init.o)
 .ARM.attributes
                0x00000323       0x2d c:/ac6/systemworkbench/plugins/fr.ac6.mcu.externaltools.arm-none.win32_1.17.0.201812190825/tools/compiler/bin/../lib/gcc/arm-none-eabi/7.3.1/../../../../arm-none-eabi/lib/thumb/v7-m\libc.a(lib_a-memset.o)
 .ARM.attributes
                0x00000350       0x2d c:/ac6/systemworkbench/plugins/fr.ac6.mcu.externaltools.arm-none.win32_1.17.0.201812190825/tools/compiler/bin/../lib/gcc/arm-none-eabi/7.3.1/../../../../arm-none-eabi/lib/thumb/v7-m\libc.a(lib_a-printf.o)
 .ARM.attributes
                0x0000037d       0x2d c:/ac6/systemworkbench/plugins/fr.ac6.mcu.externaltools.arm-none.win32_1.17.0.201812190825/tools/compiler/bin/../lib/gcc/arm-none-eabi/7.3.1/../../../../arm-none-eabi/lib/thumb/v7-m\libc.a(lib_a-puts.o)
 .ARM.attributes
                0x000003aa       0x2d c:/ac6/systemworkbench/plugins/fr.ac6.mcu.externaltools.arm-none.win32_1.17.0.201812190825/tools/compiler/bin/../lib/gcc/arm-none-eabi/7.3.1/../../../../arm-none-eabi/lib/thumb/v7-m\libc.a(lib_a-strlen-stub.o)
 .ARM.attributes
                0x000003d7       0x2d c:/ac6/systemworkbench/plugins/fr.ac6.mcu.externaltools.arm-none.win32_1.17.0.201812190825/tools/compiler/bin/../lib/gcc/arm-none-eabi/7.3.1/../../../../arm-none-eabi/lib/thumb/v7-m\libc.a(lib_a-vfprintf.o)
 .ARM.attributes
                0x00000404       0x2d c:/ac6/systemworkbench/plugins/fr.ac6.mcu.externaltools.arm-none.win32_1.17.0.201812190825/tools/compiler/bin/../lib/gcc/arm-none-eabi/7.3.1/../../../../arm-none-eabi/lib/thumb/v7-m\libc.a(lib_a-wsetup.o)
 .ARM.attributes
                0x00000431       0x2d c:/ac6/systemworkbench/plugins/fr.ac6.mcu.externaltools.arm-none.win32_1.17.0.201812190825/tools/compiler/bin/../lib/gcc/arm-none-eabi/7.3.1/../../../../arm-none-eabi/lib/thumb/v7-m\libc.a(lib_a-__call_atexit.o)
 .ARM.attributes
                0x0000045e       0x2d c:/ac6/systemworkbench/plugins/fr.ac6.mcu.externaltools.arm-none.win32_1.17.0.201812190825/tools/compiler/bin/../lib/gcc/arm-none-eabi/7.3.1/../../../../arm-none-eabi/lib/thumb/v7-m\libc.a(lib_a-atexit.o)
 .ARM.attributes
                0x0000048b       0x2d c:/ac6/systemworkbench/plugins/fr.ac6.mcu.externaltools.arm-none.win32_1.17.0.201812190825/tools/compiler/bin/../lib/gcc/arm-none-eabi/7.3.1/../../../../arm-none-eabi/lib/thumb/v7-m\libc.a(lib_a-dtoa.o)
 .ARM.attributes
                0x000004b8       0x2d c:/ac6/systemworkbench/plugins/fr.ac6.mcu.externaltools.arm-none.win32_1.17.0.201812190825/tools/compiler/bin/../lib/gcc/arm-none-eabi/7.3.1/../../../../arm-none-eabi/lib/thumb/v7-m\libc.a(lib_a-fflush.o)
 .ARM.attributes
                0x000004e5       0x2d c:/ac6/systemworkbench/plugins/fr.ac6.mcu.externaltools.arm-none.win32_1.17.0.201812190825/tools/compiler/bin/../lib/gcc/arm-none-eabi/7.3.1/../../../../arm-none-eabi/lib/thumb/v7-m\libc.a(lib_a-findfp.o)
 .ARM.attributes
                0x00000512       0x2d c:/ac6/systemworkbench/plugins/fr.ac6.mcu.externaltools.arm-none.win32_1.17.0.201812190825/tools/compiler/bin/../lib/gcc/arm-none-eabi/7.3.1/../../../../arm-none-eabi/lib/thumb/v7-m\libc.a(lib_a-fini.o)
 .ARM.attributes
                0x0000053f       0x2d c:/ac6/systemworkbench/plugins/fr.ac6.mcu.externaltools.arm-none.win32_1.17.0.201812190825/tools/compiler/bin/../lib/gcc/arm-none-eabi/7.3.1/../../../../arm-none-eabi/lib/thumb/v7-m\libc.a(lib_a-freer.o)
 .ARM.attributes
                0x0000056c       0x2d c:/ac6/systemworkbench/plugins/fr.ac6.mcu.externaltools.arm-none.win32_1.17.0.201812190825/tools/compiler/bin/../lib/gcc/arm-none-eabi/7.3.1/../../../../arm-none-eabi/lib/thumb/v7-m\libc.a(lib_a-fvwrite.o)
 .ARM.attributes
                0x00000599       0x2d c:/ac6/systemworkbench/plugins/fr.ac6.mcu.externaltools.arm-none.win32_1.17.0.201812190825/tools/compiler/bin/../lib/gcc/arm-none-eabi/7.3.1/../../../../arm-none-eabi/lib/thumb/v7-m\libc.a(lib_a-fwalk.o)
 .ARM.attributes
                0x000005c6       0x2d c:/ac6/systemworkbench/plugins/fr.ac6.mcu.externaltools.arm-none.win32_1.17.0.201812190825/tools/compiler/bin/../lib/gcc/arm-none-eabi/7.3.1/../../../../arm-none-eabi/lib/thumb/v7-m\libc.a(lib_a-localeconv.o)
 .ARM.attributes
                0x000005f3       0x2d c:/ac6/systemworkbench/plugins/fr.ac6.mcu.externaltools.arm-none.win32_1.17.0.201812190825/tools/compiler/bin/../lib/gcc/arm-none-eabi/7.3.1/../../../../arm-none-eabi/lib/thumb/v7-m\libc.a(lib_a-lock.o)
 .ARM.attributes
                0x00000620       0x2d c:/ac6/systemworkbench/plugins/fr.ac6.mcu.externaltools.arm-none.win32_1.17.0.201812190825/tools/compiler/bin/../lib/gcc/arm-none-eabi/7.3.1/../../../../arm-none-eabi/lib/thumb/v7-m\libc.a(lib_a-makebuf.o)
 .ARM.attributes
                0x0000064d       0x2d c:/ac6/systemworkbench/plugins/fr.ac6.mcu.externaltools.arm-none.win32_1.17.0.201812190825/tools/compiler/bin/../lib/gcc/arm-none-eabi/7.3.1/../../../../arm-none-eabi/lib/thumb/v7-m\libc.a(lib_a-mallocr.o)
 .ARM.attributes
                0x0000067a       0x2d c:/ac6/systemworkbench/plugins/fr.ac6.mcu.externaltools.arm-none.win32_1.17.0.201812190825/tools/compiler/bin/../lib/gcc/arm-none-eabi/7.3.1/../../../../arm-none-eabi/lib/thumb/v7-m\libc.a(lib_a-memchr-stub.o)
 .ARM.attributes
                0x000006a7       0x1b c:/ac6/systemworkbench/plugins/fr.ac6.mcu.externaltools.arm-none.win32_1.17.0.201812190825/tools/compiler/bin/../lib/gcc/arm-none-eabi/7.3.1/../../../../arm-none-eabi/lib/thumb/v7-m\libc.a(lib_a-memcpy.o)
 .ARM.attributes
                0x000006c2       0x2d c:/ac6/systemworkbench/plugins/fr.ac6.mcu.externaltools.arm-none.win32_1.17.0.201812190825/tools/compiler/bin/../lib/gcc/arm-none-eabi/7.3.1/../../../../arm-none-eabi/lib/thumb/v7-m\libc.a(lib_a-memmove.o)
 .ARM.attributes
                0x000006ef       0x2d c:/ac6/systemworkbench/plugins/fr.ac6.mcu.externaltools.arm-none.win32_1.17.0.201812190825/tools/compiler/bin/../lib/gcc/arm-none-eabi/7.3.1/../../../../arm-none-eabi/lib/thumb/v7-m\libc.a(lib_a-mlock.o)
 .ARM.attributes
                0x0000071c       0x2d c:/ac6/systemworkbench/plugins/fr.ac6.mcu.externaltools.arm-none.win32_1.17.0.201812190825/tools/compiler/bin/../lib/gcc/arm-none-eabi/7.3.1/../../../../arm-none-eabi/lib/thumb/v7-m\libc.a(lib_a-mprec.o)
 .ARM.attributes
                0x00000749       0x2d c:/ac6/systemworkbench/plugins/fr.ac6.mcu.externaltools.arm-none.win32_1.17.0.201812190825/tools/compiler/bin/../lib/gcc/arm-none-eabi/7.3.1/../../../../arm-none-eabi/lib/thumb/v7-m\libc.a(lib_a-reallocr.o)
 .ARM.attributes
                0x00000776       0x2d c:/ac6/systemworkbench/plugins/fr.ac6.mcu.externaltools.arm-none.win32_1.17.0.201812190825/tools/compiler/bin/../lib/gcc/arm-none-eabi/7.3.1/../../../../arm-none-eabi/lib/thumb/v7-m\libc.a(lib_a-s_frexp.o)
 .ARM.attributes
                0x000007a3       0x2d c:/ac6/systemworkbench/plugins/fr.ac6.mcu.externaltools.arm-none.win32_1.17.0.201812190825/tools/compiler/bin/../lib/gcc/arm-none-eabi/7.3.1/../../../../arm-none-eabi/lib/thumb/v7-m\libc.a(lib_a-sbrkr.o)
 .ARM.attributes
                0x000007d0       0x2d c:/ac6/systemworkbench/plugins/fr.ac6.mcu.externaltools.arm-none.win32_1.17.0.201812190825/tools/compiler/bin/../lib/gcc/arm-none-eabi/7.3.1/../../../../arm-none-eabi/lib/thumb/v7-m\libc.a(lib_a-stdio.o)
 .ARM.attributes
                0x000007fd       0x2d c:/ac6/systemworkbench/plugins/fr.ac6.mcu.externaltools.arm-none.win32_1.17.0.201812190825/tools/compiler/bin/../lib/gcc/arm-none-eabi/7.3.1/../../../../arm-none-eabi/lib/thumb/v7-m\libc.a(lib_a-strncpy.o)
 .ARM.attributes
                0x0000082a       0x2d c:/ac6/systemworkbench/plugins/fr.ac6.mcu.externaltools.arm-none.win32_1.17.0.201812190825/tools/compiler/bin/../lib/gcc/arm-none-eabi/7.3.1/../../../../arm-none-eabi/lib/thumb/v7-m\libc.a(lib_a-vfiprintf.o)
 .ARM.attributes
                0x00000857       0x2d c:/ac6/systemworkbench/plugins/fr.ac6.mcu.externaltools.arm-none.win32_1.17.0.201812190825/tools/compiler/bin/../lib/gcc/arm-none-eabi/7.3.1/../../../../arm-none-eabi/lib/thumb/v7-m\libc.a(lib_a-writer.o)
 .ARM.attributes
                0x00000884       0x2d c:/ac6/systemworkbench/plugins/fr.ac6.mcu.externaltools.arm-none.win32_1.17.0.201812190825/tools/compiler/bin/../lib/gcc/arm-none-eabi/7.3.1/../../../../arm-none-eabi/lib/thumb/v7-m\libc.a(lib_a-__atexit.o)
 .ARM.attributes
                0x000008b1       0x2d c:/ac6/systemworkbench/plugins/fr.ac6.mcu.externaltools.arm-none.win32_1.17.0.201812190825/tools/compiler/bin/../lib/gcc/arm-none-eabi/7.3.1/../../../../arm-none-eabi/lib/thumb/v7-m\libc.a(lib_a-callocr.o)
 .ARM.attributes
                0x000008de       0x2d c:/ac6/systemworkbench/plugins/fr.ac6.mcu.externaltools.arm-none.win32_1.17.0.201812190825/tools/compiler/bin/../lib/gcc/arm-none-eabi/7.3.1/../../../../arm-none-eabi/lib/thumb/v7-m\libc.a(lib_a-closer.o)
 .ARM.attributes
                0x0000090b       0x2d c:/ac6/systemworkbench/plugins/fr.ac6.mcu.externaltools.arm-none.win32_1.17.0.201812190825/tools/compiler/bin/../lib/gcc/arm-none-eabi/7.3.1/../../../../arm-none-eabi/lib/thumb/v7-m\libc.a(lib_a-fclose.o)
 .ARM.attributes
                0x00000938       0x2d c:/ac6/systemworkbench/plugins/fr.ac6.mcu.externaltools.arm-none.win32_1.17.0.201812190825/tools/compiler/bin/../lib/gcc/arm-none-eabi/7.3.1/../../../../arm-none-eabi/lib/thumb/v7-m\libc.a(lib_a-fputwc.o)
 .ARM.attributes
                0x00000965       0x2d c:/ac6/systemworkbench/plugins/fr.ac6.mcu.externaltools.arm-none.win32_1.17.0.201812190825/tools/compiler/bin/../lib/gcc/arm-none-eabi/7.3.1/../../../../arm-none-eabi/lib/thumb/v7-m\libc.a(lib_a-fstatr.o)
 .ARM.attributes
                0x00000992       0x2d c:/ac6/systemworkbench/plugins/fr.ac6.mcu.externaltools.arm-none.win32_1.17.0.201812190825/tools/compiler/bin/../lib/gcc/arm-none-eabi/7.3.1/../../../../arm-none-eabi/lib/thumb/v7-m\libc.a(lib_a-isattyr.o)
 .ARM.attributes
                0x000009bf       0x2d c:/ac6/systemworkbench/plugins/fr.ac6.mcu.externaltools.arm-none.win32_1.17.0.201812190825/tools/compiler/bin/../lib/gcc/arm-none-eabi/7.3.1/../../../../arm-none-eabi/lib/thumb/v7-m\libc.a(lib_a-locale.o)
 .ARM.attributes
                0x000009ec       0x2d c:/ac6/systemworkbench/plugins/fr.ac6.mcu.externaltools.arm-none.win32_1.17.0.201812190825/tools/compiler/bin/../lib/gcc/arm-none-eabi/7.3.1/../../../../arm-none-eabi/lib/thumb/v7-m\libc.a(lib_a-lseekr.o)
 .ARM.attributes
                0x00000a19       0x2d c:/ac6/systemworkbench/plugins/fr.ac6.mcu.externaltools.arm-none.win32_1.17.0.201812190825/tools/compiler/bin/../lib/gcc/arm-none-eabi/7.3.1/../../../../arm-none-eabi/lib/thumb/v7-m\libc.a(lib_a-mbtowc_r.o)
 .ARM.attributes
                0x00000a46       0x2d c:/ac6/systemworkbench/plugins/fr.ac6.mcu.externaltools.arm-none.win32_1.17.0.201812190825/tools/compiler/bin/../lib/gcc/arm-none-eabi/7.3.1/../../../../arm-none-eabi/lib/thumb/v7-m\libc.a(lib_a-readr.o)
 .ARM.attributes
                0x00000a73       0x2d c:/ac6/systemworkbench/plugins/fr.ac6.mcu.externaltools.arm-none.win32_1.17.0.201812190825/tools/compiler/bin/../lib/gcc/arm-none-eabi/7.3.1/../../../../arm-none-eabi/lib/thumb/v7-m\libc.a(lib_a-reent.o)
 .ARM.attributes
                0x00000aa0       0x2d c:/ac6/systemworkbench/plugins/fr.ac6.mcu.externaltools.arm-none.win32_1.17.0.201812190825/tools/compiler/bin/../lib/gcc/arm-none-eabi/7.3.1/../../../../arm-none-eabi/lib/thumb/v7-m\libc.a(lib_a-wbuf.o)
 .ARM.attributes
                0x00000acd       0x2d c:/ac6/systemworkbench/plugins/fr.ac6.mcu.externaltools.arm-none.win32_1.17.0.201812190825/tools/compiler/bin/../lib/gcc/arm-none-eabi/7.3.1/../../../../arm-none-eabi/lib/thumb/v7-m\libc.a(lib_a-wcrtomb.o)
 .ARM.attributes
                0x00000afa       0x2d c:/ac6/systemworkbench/plugins/fr.ac6.mcu.externaltools.arm-none.win32_1.17.0.201812190825/tools/compiler/bin/../lib/gcc/arm-none-eabi/7.3.1/../../../../arm-none-eabi/lib/thumb/v7-m\libc.a(lib_a-wctomb_r.o)
 .ARM.attributes
                0x00000b27       0x2d c:/ac6/systemworkbench/plugins/fr.ac6.mcu.externaltools.arm-none.win32_1.17.0.201812190825/tools/compiler/bin/../lib/gcc/arm-none-eabi/7.3.1/../../../../arm-none-eabi/lib/thumb/v7-m\libc.a(lib_a-ctype_.o)
 .ARM.attributes
                0x00000b54       0x1d c:/ac6/systemworkbench/plugins/fr.ac6.mcu.externaltools.arm-none.win32_1.17.0.201812190825/tools/compiler/bin/../lib/gcc/arm-none-eabi/7.3.1/thumb/v7-m\libgcc.a(_arm_addsubdf3.o)
 .ARM.attributes
                0x00000b71       0x1d c:/ac6/systemworkbench/plugins/fr.ac6.mcu.externaltools.arm-none.win32_1.17.0.201812190825/tools/compiler/bin/../lib/gcc/arm-none-eabi/7.3.1/thumb/v7-m\libgcc.a(_arm_muldivdf3.o)
 .ARM.attributes
                0x00000b8e       0x1d c:/ac6/systemworkbench/plugins/fr.ac6.mcu.externaltools.arm-none.win32_1.17.0.201812190825/tools/compiler/bin/../lib/gcc/arm-none-eabi/7.3.1/thumb/v7-m\libgcc.a(_arm_cmpdf2.o)
 .ARM.attributes
                0x00000bab       0x1d c:/ac6/systemworkbench/plugins/fr.ac6.mcu.externaltools.arm-none.win32_1.17.0.201812190825/tools/compiler/bin/../lib/gcc/arm-none-eabi/7.3.1/thumb/v7-m\libgcc.a(_arm_unorddf2.o)
 .ARM.attributes
                0x00000bc8       0x1d c:/ac6/systemworkbench/plugins/fr.ac6.mcu.externaltools.arm-none.win32_1.17.0.201812190825/tools/compiler/bin/../lib/gcc/arm-none-eabi/7.3.1/thumb/v7-m\libgcc.a(_arm_fixdfsi.o)
 .ARM.attributes
                0x00000be5       0x1d c:/ac6/systemworkbench/plugins/fr.ac6.mcu.externaltools.arm-none.win32_1.17.0.201812190825/tools/compiler/bin/../lib/gcc/arm-none-eabi/7.3.1/thumb/v7-m\libgcc.a(_aeabi_uldivmod.o)
 .ARM.attributes
                0x00000c02       0x2d c:/ac6/systemworkbench/plugins/fr.ac6.mcu.externaltools.arm-none.win32_1.17.0.201812190825/tools/compiler/bin/../lib/gcc/arm-none-eabi/7.3.1/thumb/v7-m\libgcc.a(_udivmoddi4.o)
 .ARM.attributes
                0x00000c2f       0x1d c:/ac6/systemworkbench/plugins/fr.ac6.mcu.externaltools.arm-none.win32_1.17.0.201812190825/tools/compiler/bin/../lib/gcc/arm-none-eabi/7.3.1/thumb/v7-m\libgcc.a(_dvmd_tls.o)
 .ARM.attributes
                0x00000c4c       0x1d c:/ac6/systemworkbench/plugins/fr.ac6.mcu.externaltools.arm-none.win32_1.17.0.201812190825/tools/compiler/bin/../lib/gcc/arm-none-eabi/7.3.1/thumb/v7-m/crtn.o
OUTPUT(Clock_02_HH_display.elf elf32-littlearm)

.debug_info     0x00000000     0x790a
 .debug_info    0x00000000      0x54b StdPeriph_Driver/src/misc.o
 .debug_info    0x0000054b      0x702 StdPeriph_Driver/src/stm32f10x_gpio.o
 .debug_info    0x00000c4d      0xb17 StdPeriph_Driver/src/stm32f10x_i2c.o
 .debug_info    0x00001764      0x8b2 StdPeriph_Driver/src/stm32f10x_rcc.o
 .debug_info    0x00002016     0x1c6a StdPeriph_Driver/src/stm32f10x_tim.o
 .debug_info    0x00003c80      0x9fa StdPeriph_Driver/src/stm32f10x_usart.o
 .debug_info    0x0000467a      0x3d2 src/UART.o
 .debug_info    0x00004a4c     0x1561 src/main.o
 .debug_info    0x00005fad      0x594 src/read_RTC.o
 .debug_info    0x00006541      0xf2e src/syscalls.o
 .debug_info    0x0000746f      0x479 src/system_stm32f10x.o
 .debug_info    0x000078e8       0x22 startup/startup_stm32f10x_md.o

.debug_abbrev   0x00000000     0x13ed
 .debug_abbrev  0x00000000      0x177 StdPeriph_Driver/src/misc.o
 .debug_abbrev  0x00000177      0x1e4 StdPeriph_Driver/src/stm32f10x_gpio.o
 .debug_abbrev  0x0000035b      0x196 StdPeriph_Driver/src/stm32f10x_i2c.o
 .debug_abbrev  0x000004f1      0x1d4 StdPeriph_Driver/src/stm32f10x_rcc.o
 .debug_abbrev  0x000006c5      0x1c8 StdPeriph_Driver/src/stm32f10x_tim.o
 .debug_abbrev  0x0000088d      0x194 StdPeriph_Driver/src/stm32f10x_usart.o
 .debug_abbrev  0x00000a21      0x13f src/UART.o
 .debug_abbrev  0x00000b60      0x302 src/main.o
 .debug_abbrev  0x00000e62      0x163 src/read_RTC.o
 .debug_abbrev  0x00000fc5      0x2aa src/syscalls.o
 .debug_abbrev  0x0000126f      0x16c src/system_stm32f10x.o
 .debug_abbrev  0x000013db       0x12 startup/startup_stm32f10x_md.o

.debug_aranges  0x00000000      0x8c0
 .debug_aranges
                0x00000000       0x40 StdPeriph_Driver/src/misc.o
 .debug_aranges
                0x00000040       0xa8 StdPeriph_Driver/src/stm32f10x_gpio.o
 .debug_aranges
                0x000000e8      0x120 StdPeriph_Driver/src/stm32f10x_i2c.o
 .debug_aranges
                0x00000208      0x118 StdPeriph_Driver/src/stm32f10x_rcc.o
 .debug_aranges
                0x00000320      0x2f0 StdPeriph_Driver/src/stm32f10x_tim.o
 .debug_aranges
                0x00000610      0x100 StdPeriph_Driver/src/stm32f10x_usart.o
 .debug_aranges
                0x00000710       0x30 src/UART.o
 .debug_aranges
                0x00000740       0x50 src/main.o
 .debug_aranges
                0x00000790       0x28 src/read_RTC.o
 .debug_aranges
                0x000007b8       0xb0 src/syscalls.o
 .debug_aranges
                0x00000868       0x30 src/system_stm32f10x.o
 .debug_aranges
                0x00000898       0x28 startup/startup_stm32f10x_md.o

.debug_ranges   0x00000000      0x808
 .debug_ranges  0x00000000       0x30 StdPeriph_Driver/src/misc.o
 .debug_ranges  0x00000030       0x98 StdPeriph_Driver/src/stm32f10x_gpio.o
 .debug_ranges  0x000000c8      0x110 StdPeriph_Driver/src/stm32f10x_i2c.o
 .debug_ranges  0x000001d8      0x108 StdPeriph_Driver/src/stm32f10x_rcc.o
 .debug_ranges  0x000002e0      0x2e0 StdPeriph_Driver/src/stm32f10x_tim.o
 .debug_ranges  0x000005c0       0xf0 StdPeriph_Driver/src/stm32f10x_usart.o
 .debug_ranges  0x000006b0       0x20 src/UART.o
 .debug_ranges  0x000006d0       0x40 src/main.o
 .debug_ranges  0x00000710       0x18 src/read_RTC.o
 .debug_ranges  0x00000728       0xa0 src/syscalls.o
 .debug_ranges  0x000007c8       0x20 src/system_stm32f10x.o
 .debug_ranges  0x000007e8       0x20 startup/startup_stm32f10x_md.o

.debug_macro    0x00000000    0x105f4
 .debug_macro   0x00000000      0x1a1 StdPeriph_Driver/src/misc.o
 .debug_macro   0x000001a1      0xa72 StdPeriph_Driver/src/misc.o
 .debug_macro   0x00000c13       0x5d StdPeriph_Driver/src/misc.o
 .debug_macro   0x00000c70       0x3a StdPeriph_Driver/src/misc.o
 .debug_macro   0x00000caa       0x22 StdPeriph_Driver/src/misc.o
 .debug_macro   0x00000ccc       0x8e StdPeriph_Driver/src/misc.o
 .debug_macro   0x00000d5a       0x51 StdPeriph_Driver/src/misc.o
 .debug_macro   0x00000dab       0xef StdPeriph_Driver/src/misc.o
 .debug_macro   0x00000e9a       0x6a StdPeriph_Driver/src/misc.o
 .debug_macro   0x00000f04      0x1df StdPeriph_Driver/src/misc.o
 .debug_macro   0x000010e3       0x2d StdPeriph_Driver/src/misc.o
 .debug_macro   0x00001110      0xa8b StdPeriph_Driver/src/misc.o
 .debug_macro   0x00001b9b     0x7eb3 StdPeriph_Driver/src/misc.o
 .debug_macro   0x00009a4e      0x2e4 StdPeriph_Driver/src/misc.o
 .debug_macro   0x00009d32      0x14a StdPeriph_Driver/src/misc.o
 .debug_macro   0x00009e7c      0x3cf StdPeriph_Driver/src/misc.o
 .debug_macro   0x0000a24b       0xc8 StdPeriph_Driver/src/misc.o
 .debug_macro   0x0000a313      0x17b StdPeriph_Driver/src/misc.o
 .debug_macro   0x0000a48e       0xac StdPeriph_Driver/src/misc.o
 .debug_macro   0x0000a53a      0x3b0 StdPeriph_Driver/src/misc.o
 .debug_macro   0x0000a8ea       0x9d StdPeriph_Driver/src/misc.o
 .debug_macro   0x0000a987      0x2d5 StdPeriph_Driver/src/misc.o
 .debug_macro   0x0000ac5c      0x279 StdPeriph_Driver/src/misc.o
 .debug_macro   0x0000aed5      0x2ad StdPeriph_Driver/src/misc.o
 .debug_macro   0x0000b182      0x2b4 StdPeriph_Driver/src/misc.o
 .debug_macro   0x0000b436       0x64 StdPeriph_Driver/src/misc.o
 .debug_macro   0x0000b49a       0x82 StdPeriph_Driver/src/misc.o
 .debug_macro   0x0000b51c      0x3e2 StdPeriph_Driver/src/misc.o
 .debug_macro   0x0000b8fe       0x58 StdPeriph_Driver/src/misc.o
 .debug_macro   0x0000b956      0x344 StdPeriph_Driver/src/misc.o
 .debug_macro   0x0000bc9a      0x2c4 StdPeriph_Driver/src/misc.o
 .debug_macro   0x0000bf5e      0x711 StdPeriph_Driver/src/misc.o
 .debug_macro   0x0000c66f      0x229 StdPeriph_Driver/src/misc.o
 .debug_macro   0x0000c898       0x34 StdPeriph_Driver/src/misc.o
 .debug_macro   0x0000c8cc       0x35 StdPeriph_Driver/src/misc.o
 .debug_macro   0x0000c901       0x86 StdPeriph_Driver/src/misc.o
 .debug_macro   0x0000c987      0x1ed StdPeriph_Driver/src/stm32f10x_gpio.o
 .debug_macro   0x0000cb74      0x2a7 StdPeriph_Driver/src/stm32f10x_gpio.o
 .debug_macro   0x0000ce1b      0x272 StdPeriph_Driver/src/stm32f10x_i2c.o
 .debug_macro   0x0000d08d      0x2ae StdPeriph_Driver/src/stm32f10x_i2c.o
 .debug_macro   0x0000d33b      0x2bb StdPeriph_Driver/src/stm32f10x_rcc.o
 .debug_macro   0x0000d5f6      0x3dc StdPeriph_Driver/src/stm32f10x_rcc.o
 .debug_macro   0x0000d9d2      0x1b7 StdPeriph_Driver/src/stm32f10x_tim.o
 .debug_macro   0x0000db89      0x70b StdPeriph_Driver/src/stm32f10x_tim.o
 .debug_macro   0x0000e294      0x253 StdPeriph_Driver/src/stm32f10x_usart.o
 .debug_macro   0x0000e4e7      0x223 StdPeriph_Driver/src/stm32f10x_usart.o
 .debug_macro   0x0000e70a      0x191 src/UART.o
 .debug_macro   0x0000e89b      0x2e6 src/main.o
 .debug_macro   0x0000eb81       0x58 src/main.o
 .debug_macro   0x0000ebd9       0x18 src/main.o
 .debug_macro   0x0000ebf1       0x94 src/main.o
 .debug_macro   0x0000ec85       0x35 src/main.o
 .debug_macro   0x0000ecba       0x34 src/main.o
 .debug_macro   0x0000ecee       0x16 src/main.o
 .debug_macro   0x0000ed04       0x57 src/main.o
 .debug_macro   0x0000ed5b       0x97 src/main.o
 .debug_macro   0x0000edf2      0x330 src/main.o
 .debug_macro   0x0000f122       0xfd src/main.o
 .debug_macro   0x0000f21f       0x10 src/main.o
 .debug_macro   0x0000f22f       0x58 src/main.o
 .debug_macro   0x0000f287       0x1f src/main.o
 .debug_macro   0x0000f2a6       0x43 src/main.o
 .debug_macro   0x0000f2e9       0x20 src/main.o
 .debug_macro   0x0000f309      0x18e src/main.o
 .debug_macro   0x0000f497       0x10 src/main.o
 .debug_macro   0x0000f4a7       0x1c src/main.o
 .debug_macro   0x0000f4c3       0x52 src/main.o
 .debug_macro   0x0000f515       0x40 src/main.o
 .debug_macro   0x0000f555       0x10 src/main.o
 .debug_macro   0x0000f565       0x40 src/main.o
 .debug_macro   0x0000f5a5       0xd7 src/main.o
 .debug_macro   0x0000f67c       0x1c src/main.o
 .debug_macro   0x0000f698       0x3d src/main.o
 .debug_macro   0x0000f6d5       0x16 src/main.o
 .debug_macro   0x0000f6eb      0x16f src/main.o
 .debug_macro   0x0000f85a      0x191 src/read_RTC.o
 .debug_macro   0x0000f9eb      0x243 src/syscalls.o
 .debug_macro   0x0000fc2e      0x174 src/syscalls.o
 .debug_macro   0x0000fda2       0x10 src/syscalls.o
 .debug_macro   0x0000fdb2       0x35 src/syscalls.o
 .debug_macro   0x0000fde7       0x10 src/syscalls.o
 .debug_macro   0x0000fdf7       0x10 src/syscalls.o
 .debug_macro   0x0000fe07       0x35 src/syscalls.o
 .debug_macro   0x0000fe3c      0x122 src/syscalls.o
 .debug_macro   0x0000ff5e       0x16 src/syscalls.o
 .debug_macro   0x0000ff74       0x16 src/syscalls.o
 .debug_macro   0x0000ff8a       0x29 src/syscalls.o
 .debug_macro   0x0000ffb3       0x10 src/syscalls.o
 .debug_macro   0x0000ffc3      0x241 src/syscalls.o
 .debug_macro   0x00010204       0x1c src/syscalls.o
 .debug_macro   0x00010220       0x10 src/syscalls.o
 .debug_macro   0x00010230      0x189 src/syscalls.o
 .debug_macro   0x000103b9       0x16 src/syscalls.o
 .debug_macro   0x000103cf       0x88 src/syscalls.o
 .debug_macro   0x00010457      0x19d src/system_stm32f10x.o

.debug_line     0x00000000     0x575d
 .debug_line    0x00000000      0x615 StdPeriph_Driver/src/misc.o
 .debug_line    0x00000615      0x796 StdPeriph_Driver/src/stm32f10x_gpio.o
 .debug_line    0x00000dab      0x899 StdPeriph_Driver/src/stm32f10x_i2c.o
 .debug_line    0x00001644      0x892 StdPeriph_Driver/src/stm32f10x_rcc.o
 .debug_line    0x00001ed6      0xf17 StdPeriph_Driver/src/stm32f10x_tim.o
 .debug_line    0x00002ded      0x864 StdPeriph_Driver/src/stm32f10x_usart.o
 .debug_line    0x00003651      0x5aa src/UART.o
 .debug_line    0x00003bfb      0x8ac src/main.o
 .debug_line    0x000044a7      0x649 src/read_RTC.o
 .debug_line    0x00004af0      0x5df src/syscalls.o
 .debug_line    0x000050cf      0x610 src/system_stm32f10x.o
 .debug_line    0x000056df       0x7e startup/startup_stm32f10x_md.o

.debug_str      0x00000000    0x576b8
 .debug_str     0x00000000    0x4f190 StdPeriph_Driver/src/misc.o
                              0x4f309 (size before relaxing)
 .debug_str     0x0004f190      0x5c0 StdPeriph_Driver/src/stm32f10x_gpio.o
                              0x4f67b (size before relaxing)
 .debug_str     0x0004f750      0x8e3 StdPeriph_Driver/src/stm32f10x_i2c.o
                              0x4fa1d (size before relaxing)
 .debug_str     0x00050033      0xae2 StdPeriph_Driver/src/stm32f10x_rcc.o
                              0x4fc61 (size before relaxing)
 .debug_str     0x00050b15      0xbed StdPeriph_Driver/src/stm32f10x_tim.o
                              0x4fd7f (size before relaxing)
 .debug_str     0x00051702      0x7f0 StdPeriph_Driver/src/stm32f10x_usart.o
                              0x4f98b (size before relaxing)
 .debug_str     0x00051ef2       0x5f src/UART.o
                              0x4f2a9 (size before relaxing)
 .debug_str     0x00051f51     0x4412 src/main.o
                              0x53a75 (size before relaxing)
 .debug_str     0x00056363       0x95 src/read_RTC.o
                              0x4f397 (size before relaxing)
 .debug_str     0x000563f8     0x1201 src/syscalls.o
                               0x857a (size before relaxing)
 .debug_str     0x000575f9       0x8f src/system_stm32f10x.o
                              0x4f1f0 (size before relaxing)
 .debug_str     0x00057688       0x30 startup/startup_stm32f10x_md.o
                                 0x66 (size before relaxing)

.comment        0x00000000       0x7f
 .comment       0x00000000       0x7f StdPeriph_Driver/src/misc.o
                                 0x80 (size before relaxing)
 .comment       0x0000007f       0x80 StdPeriph_Driver/src/stm32f10x_gpio.o
 .comment       0x0000007f       0x80 StdPeriph_Driver/src/stm32f10x_i2c.o
 .comment       0x0000007f       0x80 StdPeriph_Driver/src/stm32f10x_rcc.o
 .comment       0x0000007f       0x80 StdPeriph_Driver/src/stm32f10x_tim.o
 .comment       0x0000007f       0x80 StdPeriph_Driver/src/stm32f10x_usart.o
 .comment       0x0000007f       0x80 src/UART.o
 .comment       0x0000007f       0x80 src/main.o
 .comment       0x0000007f       0x80 src/read_RTC.o
 .comment       0x0000007f       0x80 src/syscalls.o
 .comment       0x0000007f       0x80 src/system_stm32f10x.o

.debug_frame    0x00000000     0x397c
 .debug_frame   0x00000000       0xd8 StdPeriph_Driver/src/misc.o
 .debug_frame   0x000000d8      0x2d0 StdPeriph_Driver/src/stm32f10x_gpio.o
 .debug_frame   0x000003a8      0x530 StdPeriph_Driver/src/stm32f10x_i2c.o
 .debug_frame   0x000008d8      0x4f4 StdPeriph_Driver/src/stm32f10x_rcc.o
 .debug_frame   0x00000dcc      0xe2c StdPeriph_Driver/src/stm32f10x_tim.o
 .debug_frame   0x00001bf8      0x490 StdPeriph_Driver/src/stm32f10x_usart.o
 .debug_frame   0x00002088       0x7c src/UART.o
 .debug_frame   0x00002104       0xec src/main.o
 .debug_frame   0x000021f0       0x60 src/read_RTC.o
 .debug_frame   0x00002250      0x2d0 src/syscalls.o
 .debug_frame   0x00002520       0x7c src/system_stm32f10x.o
 .debug_frame   0x0000259c       0x20 c:/ac6/systemworkbench/plugins/fr.ac6.mcu.externaltools.arm-none.win32_1.17.0.201812190825/tools/compiler/bin/../lib/gcc/arm-none-eabi/7.3.1/../../../../arm-none-eabi/lib/thumb/v7-m\libc.a(lib_a-errno.o)
 .debug_frame   0x000025bc       0x2c c:/ac6/systemworkbench/plugins/fr.ac6.mcu.externaltools.arm-none.win32_1.17.0.201812190825/tools/compiler/bin/../lib/gcc/arm-none-eabi/7.3.1/../../../../arm-none-eabi/lib/thumb/v7-m\libc.a(lib_a-init.o)
 .debug_frame   0x000025e8       0x38 c:/ac6/systemworkbench/plugins/fr.ac6.mcu.externaltools.arm-none.win32_1.17.0.201812190825/tools/compiler/bin/../lib/gcc/arm-none-eabi/7.3.1/../../../../arm-none-eabi/lib/thumb/v7-m\libc.a(lib_a-memset.o)
 .debug_frame   0x00002620       0x78 c:/ac6/systemworkbench/plugins/fr.ac6.mcu.externaltools.arm-none.win32_1.17.0.201812190825/tools/compiler/bin/../lib/gcc/arm-none-eabi/7.3.1/../../../../arm-none-eabi/lib/thumb/v7-m\libc.a(lib_a-printf.o)
 .debug_frame   0x00002698       0x4c c:/ac6/systemworkbench/plugins/fr.ac6.mcu.externaltools.arm-none.win32_1.17.0.201812190825/tools/compiler/bin/../lib/gcc/arm-none-eabi/7.3.1/../../../../arm-none-eabi/lib/thumb/v7-m\libc.a(lib_a-puts.o)
 .debug_frame   0x000026e4       0x20 c:/ac6/systemworkbench/plugins/fr.ac6.mcu.externaltools.arm-none.win32_1.17.0.201812190825/tools/compiler/bin/../lib/gcc/arm-none-eabi/7.3.1/../../../../arm-none-eabi/lib/thumb/v7-m\libc.a(lib_a-strlen-stub.o)
 .debug_frame   0x00002704       0x94 c:/ac6/systemworkbench/plugins/fr.ac6.mcu.externaltools.arm-none.win32_1.17.0.201812190825/tools/compiler/bin/../lib/gcc/arm-none-eabi/7.3.1/../../../../arm-none-eabi/lib/thumb/v7-m\libc.a(lib_a-vfprintf.o)
 .debug_frame   0x00002798       0x2c c:/ac6/systemworkbench/plugins/fr.ac6.mcu.externaltools.arm-none.win32_1.17.0.201812190825/tools/compiler/bin/../lib/gcc/arm-none-eabi/7.3.1/../../../../arm-none-eabi/lib/thumb/v7-m\libc.a(lib_a-wsetup.o)
 .debug_frame   0x000027c4       0x5c c:/ac6/systemworkbench/plugins/fr.ac6.mcu.externaltools.arm-none.win32_1.17.0.201812190825/tools/compiler/bin/../lib/gcc/arm-none-eabi/7.3.1/../../../../arm-none-eabi/lib/thumb/v7-m\libc.a(lib_a-__call_atexit.o)
 .debug_frame   0x00002820       0x20 c:/ac6/systemworkbench/plugins/fr.ac6.mcu.externaltools.arm-none.win32_1.17.0.201812190825/tools/compiler/bin/../lib/gcc/arm-none-eabi/7.3.1/../../../../arm-none-eabi/lib/thumb/v7-m\libc.a(lib_a-atexit.o)
 .debug_frame   0x00002840       0x88 c:/ac6/systemworkbench/plugins/fr.ac6.mcu.externaltools.arm-none.win32_1.17.0.201812190825/tools/compiler/bin/../lib/gcc/arm-none-eabi/7.3.1/../../../../arm-none-eabi/lib/thumb/v7-m\libc.a(lib_a-dtoa.o)
 .debug_frame   0x000028c8       0x5c c:/ac6/systemworkbench/plugins/fr.ac6.mcu.externaltools.arm-none.win32_1.17.0.201812190825/tools/compiler/bin/../lib/gcc/arm-none-eabi/7.3.1/../../../../arm-none-eabi/lib/thumb/v7-m\libc.a(lib_a-fflush.o)
 .debug_frame   0x00002924      0x150 c:/ac6/systemworkbench/plugins/fr.ac6.mcu.externaltools.arm-none.win32_1.17.0.201812190825/tools/compiler/bin/../lib/gcc/arm-none-eabi/7.3.1/../../../../arm-none-eabi/lib/thumb/v7-m\libc.a(lib_a-findfp.o)
 .debug_frame   0x00002a74       0x34 c:/ac6/systemworkbench/plugins/fr.ac6.mcu.externaltools.arm-none.win32_1.17.0.201812190825/tools/compiler/bin/../lib/gcc/arm-none-eabi/7.3.1/../../../../arm-none-eabi/lib/thumb/v7-m\libc.a(lib_a-fini.o)
 .debug_frame   0x00002aa8       0x80 c:/ac6/systemworkbench/plugins/fr.ac6.mcu.externaltools.arm-none.win32_1.17.0.201812190825/tools/compiler/bin/../lib/gcc/arm-none-eabi/7.3.1/../../../../arm-none-eabi/lib/thumb/v7-m\libc.a(lib_a-freer.o)