Archive member included to satisfy reference by file (symbol)

c:/ac6/systemworkbench/plugins/fr.ac6.mcu.externaltools.arm-none.win32_1.17.0.201812190825/tools/compiler/bin/../lib/gcc/arm-none-eabi/7.3.1/../../../../arm-none-eabi/lib/thumb/v7-m\libc.a(lib_a-errno.o)
                              src/syscalls.o (__errno)
c:/ac6/systemworkbench/plugins/fr.ac6.mcu.externaltools.arm-none.win32_1.17.0.201812190825/tools/compiler/bin/../lib/gcc/arm-none-eabi/7.3.1/../../../../arm-none-eabi/lib/thumb/v7-m\libc.a(lib_a-exit.o)
                              c:/ac6/systemworkbench/plugins/fr.ac6.mcu.externaltools.arm-none.win32_1.17.0.201812190825/tools/compiler/bin/../lib/gcc/arm-none-eabi/7.3.1/../../../../arm-none-eabi/lib/thumb/v7-m/crt0.o (exit)
c:/ac6/systemworkbench/plugins/fr.ac6.mcu.externaltools.arm-none.win32_1.17.0.201812190825/tools/compiler/bin/../lib/gcc/arm-none-eabi/7.3.1/../../../../arm-none-eabi/lib/thumb/v7-m\libc.a(lib_a-impure.o)
                              c:/ac6/systemworkbench/plugins/fr.ac6.mcu.externaltools.arm-none.win32_1.17.0.201812190825/tools/compiler/bin/../lib/gcc/arm-none-eabi/7.3.1/../../../../arm-none-eabi/lib/thumb/v7-m\libc.a(lib_a-exit.o) (_global_impure_ptr)
c:/ac6/systemworkbench/plugins/fr.ac6.mcu.externaltools.arm-none.win32_1.17.0.201812190825/tools/compiler/bin/../lib/gcc/arm-none-eabi/7.3.1/../../../../arm-none-eabi/lib/thumb/v7-m\libc.a(lib_a-init.o)
                              c:/ac6/systemworkbench/plugins/fr.ac6.mcu.externaltools.arm-none.win32_1.17.0.201812190825/tools/compiler/bin/../lib/gcc/arm-none-eabi/7.3.1/../../../../arm-none-eabi/lib/thumb/v7-m/crt0.o (__libc_init_array)
c:/ac6/systemworkbench/plugins/fr.ac6.mcu.externaltools.arm-none.win32_1.17.0.201812190825/tools/compiler/bin/../lib/gcc/arm-none-eabi/7.3.1/../../../../arm-none-eabi/lib/thumb/v7-m\libc.a(lib_a-memset.o)
                              c:/ac6/systemworkbench/plugins/fr.ac6.mcu.externaltools.arm-none.win32_1.17.0.201812190825/tools/compiler/bin/../lib/gcc/arm-none-eabi/7.3.1/../../../../arm-none-eabi/lib/thumb/v7-m/crt0.o (memset)
c:/ac6/systemworkbench/plugins/fr.ac6.mcu.externaltools.arm-none.win32_1.17.0.201812190825/tools/compiler/bin/../lib/gcc/arm-none-eabi/7.3.1/../../../../arm-none-eabi/lib/thumb/v7-m\libc.a(lib_a-__call_atexit.o)
                              c:/ac6/systemworkbench/plugins/fr.ac6.mcu.externaltools.arm-none.win32_1.17.0.201812190825/tools/compiler/bin/../lib/gcc/arm-none-eabi/7.3.1/../../../../arm-none-eabi/lib/thumb/v7-m\libc.a(lib_a-exit.o) (__call_exitprocs)
c:/ac6/systemworkbench/plugins/fr.ac6.mcu.externaltools.arm-none.win32_1.17.0.201812190825/tools/compiler/bin/../lib/gcc/arm-none-eabi/7.3.1/../../../../arm-none-eabi/lib/thumb/v7-m\libc.a(lib_a-atexit.o)
                              c:/ac6/systemworkbench/plugins/fr.ac6.mcu.externaltools.arm-none.win32_1.17.0.201812190825/tools/compiler/bin/../lib/gcc/arm-none-eabi/7.3.1/../../../../arm-none-eabi/lib/thumb/v7-m\libc.a(lib_a-__call_atexit.o) (atexit)
c:/ac6/systemworkbench/plugins/fr.ac6.mcu.externaltools.arm-none.win32_1.17.0.201812190825/tools/compiler/bin/../lib/gcc/arm-none-eabi/7.3.1/../../../../arm-none-eabi/lib/thumb/v7-m\libc.a(lib_a-fini.o)
                              c:/ac6/systemworkbench/plugins/fr.ac6.mcu.externaltools.arm-none.win32_1.17.0.201812190825/tools/compiler/bin/../lib/gcc/arm-none-eabi/7.3.1/../../../../arm-none-eabi/lib/thumb/v7-m\libc.a(lib_a-__call_atexit.o) (__libc_fini_array)
c:/ac6/systemworkbench/plugins/fr.ac6.mcu.externaltools.arm-none.win32_1.17.0.201812190825/tools/compiler/bin/../lib/gcc/arm-none-eabi/7.3.1/../../../../arm-none-eabi/lib/thumb/v7-m\libc.a(lib_a-lock.o)
                              c:/ac6/systemworkbench/plugins/fr.ac6.mcu.externaltools.arm-none.win32_1.17.0.201812190825/tools/compiler/bin/../lib/gcc/arm-none-eabi/7.3.1/../../../../arm-none-eabi/lib/thumb/v7-m\libc.a(lib_a-__call_atexit.o) (__retarget_lock_acquire_recursive)
c:/ac6/systemworkbench/plugins/fr.ac6.mcu.externaltools.arm-none.win32_1.17.0.201812190825/tools/compiler/bin/../lib/gcc/arm-none-eabi/7.3.1/../../../../arm-none-eabi/lib/thumb/v7-m\libc.a(lib_a-__atexit.o)
                              c:/ac6/systemworkbench/plugins/fr.ac6.mcu.externaltools.arm-none.win32_1.17.0.201812190825/tools/compiler/bin/../lib/gcc/arm-none-eabi/7.3.1/../../../../arm-none-eabi/lib/thumb/v7-m\libc.a(lib_a-atexit.o) (__register_exitproc)

Allocating common symbols
Common symbol       size              file

__lock___atexit_recursive_mutex
                    0x1               c:/ac6/systemworkbench/plugins/fr.ac6.mcu.externaltools.arm-none.win32_1.17.0.201812190825/tools/compiler/bin/../lib/gcc/arm-none-eabi/7.3.1/../../../../arm-none-eabi/lib/thumb/v7-m\libc.a(lib_a-lock.o)
__lock___arc4random_mutex
[...]
Memory Configuration

Name             Origin             Length             Attributes
FLASH            0x08000000         0x00020000         xr
RAM              0x20000000         0x00005000         xrw
MEMORY_B1        0x60000000         0x00000000         xr
*default*        0x00000000         0xffffffff

Linker script and memory map

LOAD c:/ac6/systemworkbench/plugins/fr.ac6.mcu.externaltools.arm-none.win32_1.17.0.201812190825/tools/compiler/bin/../lib/gcc/arm-none-eabi/7.3.1/thumb/v7-m/crti.o
LOAD c:/ac6/systemworkbench/plugins/fr.ac6.mcu.externaltools.arm-none.win32_1.17.0.201812190825/tools/compiler/bin/../lib/gcc/arm-none-eabi/7.3.1/thumb/v7-m/crtbegin.o
LOAD c:/ac6/systemworkbench/plugins/fr.ac6.mcu.externaltools.arm-none.win32_1.17.0.201812190825/tools/compiler/bin/../lib/gcc/arm-none-eabi/7.3.1/../../../../arm-none-eabi/lib/thumb/v7-m/crt0.o
LOAD StdPeriph_Driver/src/misc.o
LOAD StdPeriph_Driver/src/stm32f10x_adc.o
LOAD StdPeriph_Driver/src/stm32f10x_bkp.o
LOAD StdPeriph_Driver/src/stm32f10x_can.o
LOAD StdPeriph_Driver/src/stm32f10x_cec.o
LOAD StdPeriph_Driver/src/stm32f10x_crc.o
LOAD StdPeriph_Driver/src/stm32f10x_dac.o
LOAD StdPeriph_Driver/src/stm32f10x_dbgmcu.o
LOAD StdPeriph_Driver/src/stm32f10x_dma.o
LOAD StdPeriph_Driver/src/stm32f10x_exti.o
LOAD StdPeriph_Driver/src/stm32f10x_flash.o
LOAD StdPeriph_Driver/src/stm32f10x_fsmc.o
LOAD StdPeriph_Driver/src/stm32f10x_gpio.o
LOAD StdPeriph_Driver/src/stm32f10x_i2c.o
LOAD StdPeriph_Driver/src/stm32f10x_iwdg.o
LOAD StdPeriph_Driver/src/stm32f10x_pwr.o
LOAD StdPeriph_Driver/src/stm32f10x_rcc.o
LOAD StdPeriph_Driver/src/stm32f10x_rtc.o
LOAD StdPeriph_Driver/src/stm32f10x_sdio.o
LOAD StdPeriph_Driver/src/stm32f10x_spi.o
LOAD StdPeriph_Driver/src/stm32f10x_tim.o
LOAD StdPeriph_Driver/src/stm32f10x_usart.o
LOAD StdPeriph_Driver/src/stm32f10x_wwdg.o
LOAD Utilities/STM32F1xx-Nucleo/stm32f1xx_nucleo.o
LOAD src/UART.o
LOAD src/main.o
LOAD src/read_RTC.o
LOAD src/syscalls.o
LOAD src/system_stm32f10x.o
LOAD startup/startup_stm32f10x_md.o
LOAD c:/ac6/systemworkbench/plugins/fr.ac6.mcu.externaltools.arm-none.win32_1.17.0.201812190825/tools/compiler/bin/../lib/gcc/arm-none-eabi/7.3.1/../../../../arm-none-eabi/lib/thumb/v7-m\libm.a
START GROUP
LOAD c:/ac6/systemworkbench/plugins/fr.ac6.mcu.externaltools.arm-none.win32_1.17.0.201812190825/tools/compiler/bin/../lib/gcc/arm-none-eabi/7.3.1/thumb/v7-m\libgcc.a
LOAD c:/ac6/systemworkbench/plugins/fr.ac6.mcu.externaltools.arm-none.win32_1.17.0.201812190825/tools/compiler/bin/../lib/gcc/arm-none-eabi/7.3.1/../../../../arm-none-eabi/lib/thumb/v7-m\libc.a
END GROUP
LOAD c:/ac6/systemworkbench/plugins/fr.ac6.mcu.externaltools.arm-none.win32_1.17.0.201812190825/tools/compiler/bin/../lib/gcc/arm-none-eabi/7.3.1/thumb/v7-m/crtend.o
LOAD c:/ac6/systemworkbench/plugins/fr.ac6.mcu.externaltools.arm-none.win32_1.17.0.201812190825/tools/compiler/bin/../lib/gcc/arm-none-eabi/7.3.1/thumb/v7-m/crtn.o
                0x20005000                _estack = 0x20005000
                0x00000000                _Min_Heap_Size = 0x0
                0x00000100                _Min_Stack_Size = 0x100

.isr_vector     0x08000000      0x10c
                0x08000000                . = ALIGN (0x4)
 *(.isr_vector)
 .isr_vector    0x08000000      0x10c startup/startup_stm32f10x_md.o
                0x08000000                g_pfnVectors
                0x0800010c                . = ALIGN (0x4)

.text           0x0800010c     0x2be0
                0x0800010c                . = ALIGN (0x4)
 *(.text)
 .text          0x0800010c       0x40 c:/ac6/systemworkbench/plugins/fr.ac6.mcu.externaltools.arm-none.win32_1.17.0.201812190825/tools/compiler/bin/../lib/gcc/arm-none-eabi/7.3.1/thumb/v7-m/crtbegin.o
 *(.text*)
 .text.NVIC_Init
                0x0800014c       0xc4 StdPeriph_Driver/src/misc.o
                0x0800014c                NVIC_Init
 .text.GPIO_Init
                0x08000210      0x178 StdPeriph_Driver/src/stm32f10x_gpio.o
                0x08000210                GPIO_Init
 .text.GPIO_StructInit
                0x08000388       0x26 StdPeriph_Driver/src/stm32f10x_gpio.o
                0x08000388                GPIO_StructInit
 .text.GPIO_ReadOutputDataBit
                0x080003ae       0x32 StdPeriph_Driver/src/stm32f10x_gpio.o
                0x080003ae                GPIO_ReadOutputDataBit
 .text.GPIO_SetBits
                0x080003e0       0x1c StdPeriph_Driver/src/stm32f10x_gpio.o
                0x080003e0                GPIO_SetBits
 .text.GPIO_ResetBits
                0x080003fc       0x1c StdPeriph_Driver/src/stm32f10x_gpio.o
                0x080003fc                GPIO_ResetBits
 .text.GPIO_WriteBit
                0x08000418       0x2e StdPeriph_Driver/src/stm32f10x_gpio.o
                0x08000418                GPIO_WriteBit
 *fill*         0x08000446        0x2 
 .text.I2C_Init
                0x08000448      0x184 StdPeriph_Driver/src/stm32f10x_i2c.o
                0x08000448                I2C_Init
 .text.I2C_StructInit
                0x080005cc       0x3c StdPeriph_Driver/src/stm32f10x_i2c.o
                0x080005cc                I2C_StructInit
 .text.I2C_Cmd  0x08000608       0x3e StdPeriph_Driver/src/stm32f10x_i2c.o
                0x08000608                I2C_Cmd
 .text.I2C_GenerateSTART
                0x08000646       0x3e StdPeriph_Driver/src/stm32f10x_i2c.o
                0x08000646                I2C_GenerateSTART
 .text.I2C_GenerateSTOP
                0x08000684       0x3e StdPeriph_Driver/src/stm32f10x_i2c.o
                0x08000684                I2C_GenerateSTOP
 .text.I2C_AcknowledgeConfig
                0x080006c2       0x3e StdPeriph_Driver/src/stm32f10x_i2c.o
                0x080006c2                I2C_AcknowledgeConfig
 .text.I2C_SendData
                0x08000700       0x1e StdPeriph_Driver/src/stm32f10x_i2c.o
                0x08000700                I2C_SendData
 .text.I2C_ReceiveData
                0x0800071e       0x1a StdPeriph_Driver/src/stm32f10x_i2c.o
                0x0800071e                I2C_ReceiveData
 .text.I2C_Send7bitAddress
                0x08000738       0x3a StdPeriph_Driver/src/stm32f10x_i2c.o
                0x08000738                I2C_Send7bitAddress
 .text.I2C_SoftwareResetCmd
                0x08000772       0x42 StdPeriph_Driver/src/stm32f10x_i2c.o
                0x08000772                I2C_SoftwareResetCmd
 .text.I2C_CheckEvent
                0x080007b4       0x5e StdPeriph_Driver/src/stm32f10x_i2c.o
                0x080007b4                I2C_CheckEvent
 *fill*         0x08000812        0x2 
 .text.RCC_GetClocksFreq
                0x08000814      0x160 StdPeriph_Driver/src/stm32f10x_rcc.o
                0x08000814                RCC_GetClocksFreq
 .text.RCC_APB2PeriphClockCmd
                0x08000974       0x3c StdPeriph_Driver/src/stm32f10x_rcc.o
                0x08000974                RCC_APB2PeriphClockCmd
 .text.RCC_APB1PeriphClockCmd
                0x080009b0       0x3c StdPeriph_Driver/src/stm32f10x_rcc.o
                0x080009b0                RCC_APB1PeriphClockCmd
 .text.TIM_TimeBaseInit
                0x080009ec       0xf8 StdPeriph_Driver/src/stm32f10x_tim.o
                0x080009ec                TIM_TimeBaseInit
 .text.TIM_OC1Init
                0x08000ae4      0x118 StdPeriph_Driver/src/stm32f10x_tim.o
                0x08000ae4                TIM_OC1Init
 .text.TIM_OC2Init
                0x08000bfc      0x110 StdPeriph_Driver/src/stm32f10x_tim.o
                0x08000bfc                TIM_OC2Init
 .text.TIM_OC3Init
                0x08000d0c      0x10c StdPeriph_Driver/src/stm32f10x_tim.o
                0x08000d0c                TIM_OC3Init
 .text.TIM_OC4Init
                0x08000e18       0xd0 StdPeriph_Driver/src/stm32f10x_tim.o
                0x08000e18                TIM_OC4Init
 .text.TIM_ICInit
                0x08000ee8       0xa8 StdPeriph_Driver/src/stm32f10x_tim.o
                0x08000ee8                TIM_ICInit
 .text.TIM_TimeBaseStructInit
                0x08000f90       0x32 StdPeriph_Driver/src/stm32f10x_tim.o
                0x08000f90                TIM_TimeBaseStructInit
 .text.TIM_ICStructInit
                0x08000fc2       0x30 StdPeriph_Driver/src/stm32f10x_tim.o
                0x08000fc2                TIM_ICStructInit
 .text.TIM_Cmd  0x08000ff2       0x3e StdPeriph_Driver/src/stm32f10x_tim.o
                0x08000ff2                TIM_Cmd
 .text.TIM_ITConfig
                0x08001030       0x46 StdPeriph_Driver/src/stm32f10x_tim.o
                0x08001030                TIM_ITConfig
 .text.TIM_SetCounter
                0x08001076       0x1c StdPeriph_Driver/src/stm32f10x_tim.o
                0x08001076                TIM_SetCounter
 .text.TIM_SetIC1Prescaler
                0x08001092       0x36 StdPeriph_Driver/src/stm32f10x_tim.o
                0x08001092                TIM_SetIC1Prescaler
 .text.TIM_SetIC2Prescaler
                0x080010c8       0x3a StdPeriph_Driver/src/stm32f10x_tim.o
                0x080010c8                TIM_SetIC2Prescaler
 .text.TIM_SetIC3Prescaler
                0x08001102       0x36 StdPeriph_Driver/src/stm32f10x_tim.o
                0x08001102                TIM_SetIC3Prescaler
 .text.TIM_SetIC4Prescaler
                0x08001138       0x3a StdPeriph_Driver/src/stm32f10x_tim.o
                0x08001138                TIM_SetIC4Prescaler
 .text.TIM_GetCapture2
                0x08001172       0x18 StdPeriph_Driver/src/stm32f10x_tim.o
                0x08001172                TIM_GetCapture2
 .text.TIM_GetITStatus
                0x0800118a       0x52 StdPeriph_Driver/src/stm32f10x_tim.o
                0x0800118a                TIM_GetITStatus
 .text.TIM_ClearITPendingBit
                0x080011dc       0x20 StdPeriph_Driver/src/stm32f10x_tim.o
                0x080011dc                TIM_ClearITPendingBit
 .text.TI1_Config
                0x080011fc       0xe0 StdPeriph_Driver/src/stm32f10x_tim.o
 .text.TI2_Config
                0x080012dc       0xf4 StdPeriph_Driver/src/stm32f10x_tim.o
 .text.TI3_Config
                0x080013d0       0xec StdPeriph_Driver/src/stm32f10x_tim.o
 .text.TI4_Config
                0x080014bc       0xf8 StdPeriph_Driver/src/stm32f10x_tim.o
 .text.USART_Init
                0x080015b4      0x174 StdPeriph_Driver/src/stm32f10x_usart.o
                0x080015b4                USART_Init
 .text.USART_StructInit
                0x08001728       0x38 StdPeriph_Driver/src/stm32f10x_usart.o
                0x08001728                USART_StructInit
 .text.USART_Cmd
                0x08001760       0x3e StdPeriph_Driver/src/stm32f10x_usart.o
                0x08001760                USART_Cmd
 *fill*         0x0800179e        0x2 
 .text.initUart
                0x080017a0       0x84 src/UART.o
                0x080017a0                initUart
 .text.NVIC_SetPriority
                0x08001824       0x54 src/main.o
 .text.main     0x08001878      0xd1c src/main.o
                0x08001878                main
 .text.SysTick_Handler
                0x08002594       0x88 src/main.o
                0x08002594                SysTick_Handler
 .text.SysTick_Config_Mod
                0x0800261c       0x64 src/main.o
                0x0800261c                SysTick_Config_Mod
 .text.TIM2_IRQHandler
                0x08002680       0x88 src/main.o
                0x08002680                TIM2_IRQHandler
 .text.TIM3_IRQHandler
                0x08002708       0xac src/main.o
                0x08002708                TIM3_IRQHandler
 .text.TIM4_IRQHandler
                0x080027b4       0xac src/main.o
                0x080027b4                TIM4_IRQHandler
 .text.initI2cForRtc
                0x08002860       0x90 src/read_RTC.o
                0x08002860                initI2cForRtc
 .text.readRtc  0x080028f0      0x114 src/read_RTC.o
                0x080028f0                readRtc
 .text.SystemInit
                0x08002a04       0x68 src/system_stm32f10x.o
                0x08002a04                SystemInit
 .text.SetSysClock
                0x08002a6c       0xb8 src/system_stm32f10x.o
 .text.Reset_Handler
                0x08002b24       0x48 startup/startup_stm32f10x_md.o
                0x08002b24                Reset_Handler
 .text.Default_Handler
                0x08002b6c        0x2 startup/startup_stm32f10x_md.o
                0x08002b6c                EXTI2_IRQHandler
                0x08002b6c                DebugMon_Handler
                0x08002b6c                TIM1_CC_IRQHandler
                0x08002b6c                HardFault_Handler
                0x08002b6c                PVD_IRQHandler
                0x08002b6c                PendSV_Handler
                0x08002b6c                NMI_Handler
                0x08002b6c                EXTI3_IRQHandler
                0x08002b6c                EXTI0_IRQHandler
                0x08002b6c                I2C2_EV_IRQHandler
                0x08002b6c                UsageFault_Handler
                0x08002b6c                ADC1_2_IRQHandler
                0x08002b6c                SPI1_IRQHandler
                0x08002b6c                TAMPER_IRQHandler
                0x08002b6c                DMA1_Channel4_IRQHandler
                0x08002b6c                USART3_IRQHandler
                0x08002b6c                RTC_IRQHandler
                0x08002b6c                DMA1_Channel7_IRQHandler
                0x08002b6c                CAN1_RX1_IRQHandler
                0x08002b6c                I2C1_EV_IRQHandler
                0x08002b6c                DMA1_Channel6_IRQHandler
                0x08002b6c                RCC_IRQHandler
                0x08002b6c                TIM1_TRG_COM_IRQHandler
                0x08002b6c                DMA1_Channel1_IRQHandler
                0x08002b6c                Default_Handler
                0x08002b6c                EXTI15_10_IRQHandler
                0x08002b6c                EXTI9_5_IRQHandler
                0x08002b6c                SPI2_IRQHandler
                0x08002b6c                MemManage_Handler
                0x08002b6c                SVC_Handler
                0x08002b6c                DMA1_Channel5_IRQHandler
                0x08002b6c                EXTI4_IRQHandler
                0x08002b6c                USB_LP_CAN1_RX0_IRQHandler
                0x08002b6c                USB_HP_CAN1_TX_IRQHandler
                0x08002b6c                DMA1_Channel3_IRQHandler
                0x08002b6c                TIM1_UP_IRQHandler
                0x08002b6c                WWDG_IRQHandler
                0x08002b6c                TIM1_BRK_IRQHandler
                0x08002b6c                EXTI1_IRQHandler
                0x08002b6c                RTCAlarm_IRQHandler
                0x08002b6c                USART2_IRQHandler
                0x08002b6c                I2C2_ER_IRQHandler
                0x08002b6c                DMA1_Channel2_IRQHandler
                0x08002b6c                CAN1_SCE_IRQHandler
                0x08002b6c                FLASH_IRQHandler
                0x08002b6c                BusFault_Handler
                0x08002b6c                USART1_IRQHandler
                0x08002b6c                I2C1_ER_IRQHandler
                0x08002b6c                USBWakeUp_IRQHandler
 *fill*         0x08002b6e        0x2 
 .text.__libc_init_array
                0x08002b70       0x48 c:/ac6/systemworkbench/plugins/fr.ac6.mcu.externaltools.arm-none.win32_1.17.0.201812190825/tools/compiler/bin/../lib/gcc/arm-none-eabi/7.3.1/../../../../arm-none-eabi/lib/thumb/v7-m\libc.a(lib_a-init.o)
                0x08002b70                __libc_init_array
 .text.startup.register_fini
                0x08002bb8       0x14 c:/ac6/systemworkbench/plugins/fr.ac6.mcu.externaltools.arm-none.win32_1.17.0.201812190825/tools/compiler/bin/../lib/gcc/arm-none-eabi/7.3.1/../../../../arm-none-eabi/lib/thumb/v7-m\libc.a(lib_a-__call_atexit.o)
 .text.atexit   0x08002bcc        0xc c:/ac6/systemworkbench/plugins/fr.ac6.mcu.externaltools.arm-none.win32_1.17.0.201812190825/tools/compiler/bin/../lib/gcc/arm-none-eabi/7.3.1/../../../../arm-none-eabi/lib/thumb/v7-m\libc.a(lib_a-atexit.o)
                0x08002bcc                atexit
 .text.__libc_fini_array
                0x08002bd8       0x34 c:/ac6/systemworkbench/plugins/fr.ac6.mcu.externaltools.arm-none.win32_1.17.0.201812190825/tools/compiler/bin/../lib/gcc/arm-none-eabi/7.3.1/../../../../arm-none-eabi/lib/thumb/v7-m\libc.a(lib_a-fini.o)
                0x08002bd8                __libc_fini_array
 .text.__retarget_lock_acquire_recursive
                0x08002c0c        0x4 c:/ac6/systemworkbench/plugins/fr.ac6.mcu.externaltools.arm-none.win32_1.17.0.201812190825/tools/compiler/bin/../lib/gcc/arm-none-eabi/7.3.1/../../../../arm-none-eabi/lib/thumb/v7-m\libc.a(lib_a-lock.o)
                0x08002c0c                __retarget_lock_acquire_recursive
 .text.__retarget_lock_release_recursive
                0x08002c10        0x4 c:/ac6/systemworkbench/plugins/fr.ac6.mcu.externaltools.arm-none.win32_1.17.0.201812190825/tools/compiler/bin/../lib/gcc/arm-none-eabi/7.3.1/../../../../arm-none-eabi/lib/thumb/v7-m\libc.a(lib_a-lock.o)
                0x08002c10                __retarget_lock_release_recursive
 .text.__register_exitproc
                0x08002c14       0xc0 c:/ac6/systemworkbench/plugins/fr.ac6.mcu.externaltools.arm-none.win32_1.17.0.201812190825/tools/compiler/bin/../lib/gcc/arm-none-eabi/7.3.1/../../../../arm-none-eabi/lib/thumb/v7-m\libc.a(lib_a-__atexit.o)
                0x08002c14                __register_exitproc
 *(.glue_7)
 .glue_7        0x08002cd4        0x0 linker stubs
 *(.glue_7t)
 .glue_7t       0x08002cd4        0x0 linker stubs
 *(.eh_frame)
 .eh_frame      0x08002cd4        0x0 c:/ac6/systemworkbench/plugins/fr.ac6.mcu.externaltools.arm-none.win32_1.17.0.201812190825/tools/compiler/bin/../lib/gcc/arm-none-eabi/7.3.1/thumb/v7-m/crtbegin.o
 *(.init)
 .init          0x08002cd4        0x4 c:/ac6/systemworkbench/plugins/fr.ac6.mcu.externaltools.arm-none.win32_1.17.0.201812190825/tools/compiler/bin/../lib/gcc/arm-none-eabi/7.3.1/thumb/v7-m/crti.o
                0x08002cd4                _init
 .init          0x08002cd8        0x8 c:/ac6/systemworkbench/plugins/fr.ac6.mcu.externaltools.arm-none.win32_1.17.0.201812190825/tools/compiler/bin/../lib/gcc/arm-none-eabi/7.3.1/thumb/v7-m/crtn.o
 *(.fini)
 .fini          0x08002ce0        0x4 c:/ac6/systemworkbench/plugins/fr.ac6.mcu.externaltools.arm-none.win32_1.17.0.201812190825/tools/compiler/bin/../lib/gcc/arm-none-eabi/7.3.1/thumb/v7-m/crti.o
                0x08002ce0                _fini
 .fini          0x08002ce4        0x8 c:/ac6/systemworkbench/plugins/fr.ac6.mcu.externaltools.arm-none.win32_1.17.0.201812190825/tools/compiler/bin/../lib/gcc/arm-none-eabi/7.3.1/thumb/v7-m/crtn.o
                0x08002cec                . = ALIGN (0x4)
                0x08002cec                _etext = .

.vfp11_veneer   0x08002cec        0x0
 .vfp11_veneer  0x08002cec        0x0 linker stubs

.v4_bx          0x08002cec        0x0
 .v4_bx         0x08002cec        0x0 linker stubs

.iplt           0x08002cec        0x0
 .iplt          0x08002cec        0x0 c:/ac6/systemworkbench/plugins/fr.ac6.mcu.externaltools.arm-none.win32_1.17.0.201812190825/tools/compiler/bin/../lib/gcc/arm-none-eabi/7.3.1/thumb/v7-m/crtbegin.o

.rodata         0x08002cec        0x4
                0x08002cec                . = ALIGN (0x4)
 *(.rodata)
 *(.rodata*)
 .rodata._global_impure_ptr
                0x08002cec        0x4 c:/ac6/systemworkbench/plugins/fr.ac6.mcu.externaltools.arm-none.win32_1.17.0.201812190825/tools/compiler/bin/../lib/gcc/arm-none-eabi/7.3.1/../../../../arm-none-eabi/lib/thumb/v7-m\libc.a(lib_a-impure.o)
                0x08002cec                _global_impure_ptr
                0x08002cf0                . = ALIGN (0x4)

.rel.dyn        0x08002cf0        0x0
 .rel.iplt      0x08002cf0        0x0 c:/ac6/systemworkbench/plugins/fr.ac6.mcu.externaltools.arm-none.win32_1.17.0.201812190825/tools/compiler/bin/../lib/gcc/arm-none-eabi/7.3.1/thumb/v7-m/crtbegin.o

.ARM.extab
 *(.ARM.extab* .gnu.linkonce.armextab.*)

.ARM            0x08002cf0        0x0
                0x08002cf0                __exidx_start = .
 *(.ARM.exidx*)
                0x08002cf0                __exidx_end = .

.preinit_array  0x08002cf0        0x0
                0x08002cf0                PROVIDE (__preinit_array_start = .)
 *(.preinit_array*)
                0x08002cf0                PROVIDE (__preinit_array_end = .)

.init_array     0x08002cf0        0x8
                0x08002cf0                PROVIDE (__init_array_start = .)
 *(SORT_BY_NAME(.init_array.*))
 .init_array.00000
                0x08002cf0        0x4 c:/ac6/systemworkbench/plugins/fr.ac6.mcu.externaltools.arm-none.win32_1.17.0.201812190825/tools/compiler/bin/../lib/gcc/arm-none-eabi/7.3.1/../../../../arm-none-eabi/lib/thumb/v7-m\libc.a(lib_a-__call_atexit.o)
 *(.init_array*)
 .init_array    0x08002cf4        0x4 c:/ac6/systemworkbench/plugins/fr.ac6.mcu.externaltools.arm-none.win32_1.17.0.201812190825/tools/compiler/bin/../lib/gcc/arm-none-eabi/7.3.1/thumb/v7-m/crtbegin.o
                0x08002cf8                PROVIDE (__init_array_end = .)

.fini_array     0x08002cf8        0x4
                0x08002cf8                PROVIDE (__fini_array_start = .)
 *(SORT_BY_NAME(.fini_array.*))
 *(.fini_array*)
 .fini_array    0x08002cf8        0x4 c:/ac6/systemworkbench/plugins/fr.ac6.mcu.externaltools.arm-none.win32_1.17.0.201812190825/tools/compiler/bin/../lib/gcc/arm-none-eabi/7.3.1/thumb/v7-m/crtbegin.o
                0x08002cfc                PROVIDE (__fini_array_end = .)
                0x08002cfc                _sidata = LOADADDR (.data)

.data           0x20000000      0x454 load address 0x08002cfc
                0x20000000                . = ALIGN (0x4)
                0x20000000                _sdata = .
 *(.data)
 .data          0x20000000       0x14 StdPeriph_Driver/src/stm32f10x_rcc.o
 .data          0x20000014       0x14 src/main.o
                0x20000014                delay
                0x20000016                strob
                0x20000018                hour10
                0x2000001a                hour1
                0x2000001c                colonHoursMinutes
                0x2000001e                minute10
                0x20000020                minute1
                0x20000022                colonMinutesSeconds
                0x20000024                second10
                0x20000026                second1
 *(.data*)
 .data.impure_data
                0x20000028      0x428 c:/ac6/systemworkbench/plugins/fr.ac6.mcu.externaltools.arm-none.win32_1.17.0.201812190825/tools/compiler/bin/../lib/gcc/arm-none-eabi/7.3.1/../../../../arm-none-eabi/lib/thumb/v7-m\libc.a(lib_a-impure.o)
 .data.__atexit_recursive_mutex
                0x20000450        0x4 c:/ac6/systemworkbench/plugins/fr.ac6.mcu.externaltools.arm-none.win32_1.17.0.201812190825/tools/compiler/bin/../lib/gcc/arm-none-eabi/7.3.1/../../../../arm-none-eabi/lib/thumb/v7-m\libc.a(lib_a-__call_atexit.o)
                0x20000450                __atexit_recursive_mutex
                0x20000454                . = ALIGN (0x4)
                0x20000454                _edata = .

.igot.plt       0x20000454        0x0 load address 0x08003150
 .igot.plt      0x20000454        0x0 c:/ac6/systemworkbench/plugins/fr.ac6.mcu.externaltools.arm-none.win32_1.17.0.201812190825/tools/compiler/bin/../lib/gcc/arm-none-eabi/7.3.1/thumb/v7-m/crtbegin.o
                0x20000454                . = ALIGN (0x4)

.bss            0x20000454       0x60 load address 0x08003150
                0x20000454                _sbss = .
                0x20000454                __bss_start__ = _sbss
 *(.bss)
 .bss           0x20000454       0x1c c:/ac6/systemworkbench/plugins/fr.ac6.mcu.externaltools.arm-none.win32_1.17.0.201812190825/tools/compiler/bin/../lib/gcc/arm-none-eabi/7.3.1/thumb/v7-m/crtbegin.o
 .bss           0x20000470       0x12 src/main.o
                0x20000470                sysTick1Ms
                0x20000472                sysTick100Ms
                0x20000474                step
                0x20000478                task100ms
                0x20000479                task1ms
                0x2000047a                newSpin
                0x2000047b                hourDecade
                0x2000047c                hourUnit
                0x2000047d                minuteDecade
                0x2000047e                minuteUnit
                0x2000047f                secondDecade
                0x20000480                secondUnit
                0x20000481                colonToggle
 *(.bss*)
 *(COMMON)
 *fill*         0x20000482        0x2 
 COMMON         0x20000484        0xa src/main.o
                0x20000484                buff
                0x2000048c                fullSpin
 *fill*         0x2000048e        0x2 
 COMMON         0x20000490       0x21 c:/ac6/systemworkbench/plugins/fr.ac6.mcu.externaltools.arm-none.win32_1.17.0.201812190825/tools/compiler/bin/../lib/gcc/arm-none-eabi/7.3.1/../../../../arm-none-eabi/lib/thumb/v7-m\libc.a(lib_a-lock.o)
                0x20000490                __lock___atexit_recursive_mutex
                0x20000494                __lock___arc4random_mutex
                0x20000498                __lock___env_recursive_mutex
                0x2000049c                __lock___sinit_recursive_mutex
                0x200004a0                __lock___malloc_recursive_mutex
                0x200004a4                __lock___at_quick_exit_mutex
                0x200004a8                __lock___dd_hash_mutex
                0x200004ac                __lock___tz_mutex
                0x200004b0                __lock___sfp_recursive_mutex
                0x200004b4                . = ALIGN (0x4)
 *fill*         0x200004b1        0x3 
                0x200004b4                _ebss = .
                0x200004b4                __bss_end__ = _ebss

._user_heap_stack
                0x200004b4      0x104 load address 0x08003150
                0x200004b8                . = ALIGN (0x8)
 *fill*         0x200004b4        0x4 
                0x200004b8                PROVIDE (end = .)
                [!provide]                PROVIDE (_end = .)
                0x200004b8                . = (. + _Min_Heap_Size)
                0x200005b8                . = (. + _Min_Stack_Size)
 *fill*         0x200004b8      0x100 
                0x200005b8                . = ALIGN (0x8)

.memory_b1_text
 *(.mb1text)
 *(.mb1text*)
 *(.mb1rodata)
 *(.mb1rodata*)

/DISCARD/
 libc.a(*)
 libm.a(*)
 libgcc.a(*)

.ARM.attributes
                0x00000000       0x29
 *(.ARM.attributes)
 .ARM.attributes
                0x00000000       0x1d c:/ac6/systemworkbench/plugins/fr.ac6.mcu.externaltools.arm-none.win32_1.17.0.201812190825/tools/compiler/bin/../lib/gcc/arm-none-eabi/7.3.1/thumb/v7-m/crti.o
 .ARM.attributes
                0x0000001d       0x2d c:/ac6/systemworkbench/plugins/fr.ac6.mcu.externaltools.arm-none.win32_1.17.0.201812190825/tools/compiler/bin/../lib/gcc/arm-none-eabi/7.3.1/thumb/v7-m/crtbegin.o
 .ARM.attributes
                0x0000004a       0x33 StdPeriph_Driver/src/misc.o
 .ARM.attributes
                0x0000007d       0x33 StdPeriph_Driver/src/stm32f10x_gpio.o
 .ARM.attributes
                0x000000b0       0x33 StdPeriph_Driver/src/stm32f10x_i2c.o
 .ARM.attributes
                0x000000e3       0x33 StdPeriph_Driver/src/stm32f10x_rcc.o
 .ARM.attributes
                0x00000116       0x33 StdPeriph_Driver/src/stm32f10x_tim.o
 .ARM.attributes
                0x00000149       0x33 StdPeriph_Driver/src/stm32f10x_usart.o
 .ARM.attributes
                0x0000017c       0x33 src/UART.o
 .ARM.attributes
                0x000001af       0x33 src/main.o
 .ARM.attributes
                0x000001e2       0x33 src/read_RTC.o
 .ARM.attributes
                0x00000215       0x33 src/system_stm32f10x.o
 .ARM.attributes
                0x00000248       0x21 startup/startup_stm32f10x_md.o
 .ARM.attributes
                0x00000269       0x2d c:/ac6/systemworkbench/plugins/fr.ac6.mcu.externaltools.arm-none.win32_1.17.0.201812190825/tools/compiler/bin/../lib/gcc/arm-none-eabi/7.3.1/../../../../arm-none-eabi/lib/thumb/v7-m\libc.a(lib_a-impure.o)
 .ARM.attributes
                0x00000296       0x2d c:/ac6/systemworkbench/plugins/fr.ac6.mcu.externaltools.arm-none.win32_1.17.0.201812190825/tools/compiler/bin/../lib/gcc/arm-none-eabi/7.3.1/../../../../arm-none-eabi/lib/thumb/v7-m\libc.a(lib_a-init.o)
 .ARM.attributes
                0x000002c3       0x2d c:/ac6/systemworkbench/plugins/fr.ac6.mcu.externaltools.arm-none.win32_1.17.0.201812190825/tools/compiler/bin/../lib/gcc/arm-none-eabi/7.3.1/../../../../arm-none-eabi/lib/thumb/v7-m\libc.a(lib_a-__call_atexit.o)
 .ARM.attributes
                0x000002f0       0x2d c:/ac6/systemworkbench/plugins/fr.ac6.mcu.externaltools.arm-none.win32_1.17.0.201812190825/tools/compiler/bin/../lib/gcc/arm-none-eabi/7.3.1/../../../../arm-none-eabi/lib/thumb/v7-m\libc.a(lib_a-atexit.o)
 .ARM.attributes
                0x0000031d       0x2d c:/ac6/systemworkbench/plugins/fr.ac6.mcu.externaltools.arm-none.win32_1.17.0.201812190825/tools/compiler/bin/../lib/gcc/arm-none-eabi/7.3.1/../../../../arm-none-eabi/lib/thumb/v7-m\libc.a(lib_a-fini.o)
 .ARM.attributes
                0x0000034a       0x2d c:/ac6/systemworkbench/plugins/fr.ac6.mcu.externaltools.arm-none.win32_1.17.0.201812190825/tools/compiler/bin/../lib/gcc/arm-none-eabi/7.3.1/../../../../arm-none-eabi/lib/thumb/v7-m\libc.a(lib_a-lock.o)
 .ARM.attributes
                0x00000377       0x2d c:/ac6/systemworkbench/plugins/fr.ac6.mcu.externaltools.arm-none.win32_1.17.0.201812190825/tools/compiler/bin/../lib/gcc/arm-none-eabi/7.3.1/../../../../arm-none-eabi/lib/thumb/v7-m\libc.a(lib_a-__atexit.o)
 .ARM.attributes
                0x000003a4       0x1d c:/ac6/systemworkbench/plugins/fr.ac6.mcu.externaltools.arm-none.win32_1.17.0.201812190825/tools/compiler/bin/../lib/gcc/arm-none-eabi/7.3.1/thumb/v7-m/crtn.o
OUTPUT(Clock_02_HH_display.elf elf32-littlearm)

.debug_info     0x00000000     0x69ac
 .debug_info    0x00000000      0x54b StdPeriph_Driver/src/misc.o
 .debug_info    0x0000054b      0x702 StdPeriph_Driver/src/stm32f10x_gpio.o
 .debug_info    0x00000c4d      0xb17 StdPeriph_Driver/src/stm32f10x_i2c.o
 .debug_info    0x00001764      0x8b2 StdPeriph_Driver/src/stm32f10x_rcc.o
 .debug_info    0x00002016     0x1c6a StdPeriph_Driver/src/stm32f10x_tim.o
 .debug_info    0x00003c80      0x9fa StdPeriph_Driver/src/stm32f10x_usart.o
 .debug_info    0x0000467a      0x3d2 src/UART.o
 .debug_info    0x00004a4c     0x1598 src/main.o
 .debug_info    0x00005fe4      0x52d src/read_RTC.o
 .debug_info    0x00006511      0x479 src/system_stm32f10x.o
 .debug_info    0x0000698a       0x22 startup/startup_stm32f10x_md.o

.debug_abbrev   0x00000000     0x1166
 .debug_abbrev  0x00000000      0x177 StdPeriph_Driver/src/misc.o
 .debug_abbrev  0x00000177      0x1e4 StdPeriph_Driver/src/stm32f10x_gpio.o
 .debug_abbrev  0x0000035b      0x196 StdPeriph_Driver/src/stm32f10x_i2c.o
 .debug_abbrev  0x000004f1      0x1d4 StdPeriph_Driver/src/stm32f10x_rcc.o
 .debug_abbrev  0x000006c5      0x1c8 StdPeriph_Driver/src/stm32f10x_tim.o
 .debug_abbrev  0x0000088d      0x194 StdPeriph_Driver/src/stm32f10x_usart.o
 .debug_abbrev  0x00000a21      0x13f src/UART.o
 .debug_abbrev  0x00000b60      0x2f1 src/main.o
 .debug_abbrev  0x00000e51      0x197 src/read_RTC.o
 .debug_abbrev  0x00000fe8      0x16c src/system_stm32f10x.o
 .debug_abbrev  0x00001154       0x12 startup/startup_stm32f10x_md.o

.debug_aranges  0x00000000      0x818
 .debug_aranges
                0x00000000       0x40 StdPeriph_Driver/src/misc.o
 .debug_aranges
                0x00000040       0xa8 StdPeriph_Driver/src/stm32f10x_gpio.o
 .debug_aranges
                0x000000e8      0x120 StdPeriph_Driver/src/stm32f10x_i2c.o
 .debug_aranges
                0x00000208      0x118 StdPeriph_Driver/src/stm32f10x_rcc.o
 .debug_aranges
                0x00000320      0x2f0 StdPeriph_Driver/src/stm32f10x_tim.o
 .debug_aranges
                0x00000610      0x100 StdPeriph_Driver/src/stm32f10x_usart.o
 .debug_aranges
                0x00000710       0x30 src/UART.o
 .debug_aranges
                0x00000740       0x50 src/main.o
 .debug_aranges
                0x00000790       0x30 src/read_RTC.o
 .debug_aranges
                0x000007c0       0x30 src/system_stm32f10x.o
 .debug_aranges
                0x000007f0       0x28 startup/startup_stm32f10x_md.o

.debug_ranges   0x00000000      0x770
 .debug_ranges  0x00000000       0x30 StdPeriph_Driver/src/misc.o
 .debug_ranges  0x00000030       0x98 StdPeriph_Driver/src/stm32f10x_gpio.o
 .debug_ranges  0x000000c8      0x110 StdPeriph_Driver/src/stm32f10x_i2c.o
 .debug_ranges  0x000001d8      0x108 StdPeriph_Driver/src/stm32f10x_rcc.o
 .debug_ranges  0x000002e0      0x2e0 StdPeriph_Driver/src/stm32f10x_tim.o
 .debug_ranges  0x000005c0       0xf0 StdPeriph_Driver/src/stm32f10x_usart.o
 .debug_ranges  0x000006b0       0x20 src/UART.o
 .debug_ranges  0x000006d0       0x40 src/main.o
 .debug_ranges  0x00000710       0x20 src/read_RTC.o
 .debug_ranges  0x00000730       0x20 src/system_stm32f10x.o
 .debug_ranges  0x00000750       0x20 startup/startup_stm32f10x_md.o

.debug_macro    0x00000000     0xfb88
 .debug_macro   0x00000000      0x1a1 StdPeriph_Driver/src/misc.o
 .debug_macro   0x000001a1      0xa72 StdPeriph_Driver/src/misc.o
 .debug_macro   0x00000c13       0x5d StdPeriph_Driver/src/misc.o
 .debug_macro   0x00000c70       0x3a StdPeriph_Driver/src/misc.o
 .debug_macro   0x00000caa       0x22 StdPeriph_Driver/src/misc.o
 .debug_macro   0x00000ccc       0x8e StdPeriph_Driver/src/misc.o
 .debug_macro   0x00000d5a       0x51 StdPeriph_Driver/src/misc.o
 .debug_macro   0x00000dab       0xef StdPeriph_Driver/src/misc.o
 .debug_macro   0x00000e9a       0x6a StdPeriph_Driver/src/misc.o
 .debug_macro   0x00000f04      0x1df StdPeriph_Driver/src/misc.o
 .debug_macro   0x000010e3       0x2d StdPeriph_Driver/src/misc.o
 .debug_macro   0x00001110      0xa8b StdPeriph_Driver/src/misc.o
 .debug_macro   0x00001b9b     0x7eb3 StdPeriph_Driver/src/misc.o
 .debug_macro   0x00009a4e      0x2e4 StdPeriph_Driver/src/misc.o
 .debug_macro   0x00009d32      0x14a StdPeriph_Driver/src/misc.o
 .debug_macro   0x00009e7c      0x3cf StdPeriph_Driver/src/misc.o
 .debug_macro   0x0000a24b       0xc8 StdPeriph_Driver/src/misc.o
 .debug_macro   0x0000a313      0x17b StdPeriph_Driver/src/misc.o
 .debug_macro   0x0000a48e       0xac StdPeriph_Driver/src/misc.o
 .debug_macro   0x0000a53a      0x3b0 StdPeriph_Driver/src/misc.o
 .debug_macro   0x0000a8ea       0x9d StdPeriph_Driver/src/misc.o
 .debug_macro   0x0000a987      0x2d5 StdPeriph_Driver/src/misc.o
 .debug_macro   0x0000ac5c      0x279 StdPeriph_Driver/src/misc.o
 .debug_macro   0x0000aed5      0x2ad StdPeriph_Driver/src/misc.o
 .debug_macro   0x0000b182      0x2b4 StdPeriph_Driver/src/misc.o
 .debug_macro   0x0000b436       0x64 StdPeriph_Driver/src/misc.o
 .debug_macro   0x0000b49a       0x82 StdPeriph_Driver/src/misc.o
 .debug_macro   0x0000b51c      0x3e2 StdPeriph_Driver/src/misc.o
 .debug_macro   0x0000b8fe       0x58 StdPeriph_Driver/src/misc.o
 .debug_macro   0x0000b956      0x344 StdPeriph_Driver/src/misc.o
 .debug_macro   0x0000bc9a      0x2c4 StdPeriph_Driver/src/misc.o
 .debug_macro   0x0000bf5e      0x711 StdPeriph_Driver/src/misc.o
 .debug_macro   0x0000c66f      0x229 StdPeriph_Driver/src/misc.o
 .debug_macro   0x0000c898       0x34 StdPeriph_Driver/src/misc.o
 .debug_macro   0x0000c8cc       0x35 StdPeriph_Driver/src/misc.o
 .debug_macro   0x0000c901       0x86 StdPeriph_Driver/src/misc.o
 .debug_macro   0x0000c987      0x1ed StdPeriph_Driver/src/stm32f10x_gpio.o
 .debug_macro   0x0000cb74      0x2a7 StdPeriph_Driver/src/stm32f10x_gpio.o
 .debug_macro   0x0000ce1b      0x272 StdPeriph_Driver/src/stm32f10x_i2c.o
 .debug_macro   0x0000d08d      0x2ae StdPeriph_Driver/src/stm32f10x_i2c.o
 .debug_macro   0x0000d33b      0x2bb StdPeriph_Driver/src/stm32f10x_rcc.o
 .debug_macro   0x0000d5f6      0x3dc StdPeriph_Driver/src/stm32f10x_rcc.o
 .debug_macro   0x0000d9d2      0x1b7 StdPeriph_Driver/src/stm32f10x_tim.o
 .debug_macro   0x0000db89      0x70b StdPeriph_Driver/src/stm32f10x_tim.o
 .debug_macro   0x0000e294      0x253 StdPeriph_Driver/src/stm32f10x_usart.o
 .debug_macro   0x0000e4e7      0x223 StdPeriph_Driver/src/stm32f10x_usart.o
 .debug_macro   0x0000e70a      0x191 src/UART.o
 .debug_macro   0x0000e89b      0x2e6 src/main.o
 .debug_macro   0x0000eb81       0x58 src/main.o
 .debug_macro   0x0000ebd9       0x18 src/main.o
 .debug_macro   0x0000ebf1       0x94 src/main.o
 .debug_macro   0x0000ec85       0x35 src/main.o
 .debug_macro   0x0000ecba       0x34 src/main.o
 .debug_macro   0x0000ecee       0x16 src/main.o
 .debug_macro   0x0000ed04       0x57 src/main.o
 .debug_macro   0x0000ed5b       0x97 src/main.o
 .debug_macro   0x0000edf2      0x330 src/main.o
 .debug_macro   0x0000f122       0xfd src/main.o
 .debug_macro   0x0000f21f       0x10 src/main.o
 .debug_macro   0x0000f22f       0x58 src/main.o
 .debug_macro   0x0000f287       0x1f src/main.o
 .debug_macro   0x0000f2a6       0x43 src/main.o
 .debug_macro   0x0000f2e9       0x20 src/main.o
 .debug_macro   0x0000f309      0x18e src/main.o
 .debug_macro   0x0000f497       0x10 src/main.o
 .debug_macro   0x0000f4a7       0x1c src/main.o
 .debug_macro   0x0000f4c3       0x52 src/main.o
 .debug_macro   0x0000f515       0x40 src/main.o
 .debug_macro   0x0000f555       0x10 src/main.o
 .debug_macro   0x0000f565       0x40 src/main.o
 .debug_macro   0x0000f5a5       0xd7 src/main.o
 .debug_macro   0x0000f67c       0x1c src/main.o
 .debug_macro   0x0000f698       0x3d src/main.o
 .debug_macro   0x0000f6d5       0x16 src/main.o
 .debug_macro   0x0000f6eb      0x16f src/main.o
 .debug_macro   0x0000f85a      0x191 src/read_RTC.o
 .debug_macro   0x0000f9eb      0x19d src/system_stm32f10x.o

.debug_line     0x00000000     0x513c
 .debug_line    0x00000000      0x615 StdPeriph_Driver/src/misc.o
 .debug_line    0x00000615      0x796 StdPeriph_Driver/src/stm32f10x_gpio.o
 .debug_line    0x00000dab      0x899 StdPeriph_Driver/src/stm32f10x_i2c.o
 .debug_line    0x00001644      0x892 StdPeriph_Driver/src/stm32f10x_rcc.o
 .debug_line    0x00001ed6      0xf17 StdPeriph_Driver/src/stm32f10x_tim.o
 .debug_line    0x00002ded      0x864 StdPeriph_Driver/src/stm32f10x_usart.o
 .debug_line    0x00003651      0x5aa src/UART.o
 .debug_line    0x00003bfb      0x8a5 src/main.o
 .debug_line    0x000044a0      0x60e src/read_RTC.o
 .debug_line    0x00004aae      0x610 src/system_stm32f10x.o
 .debug_line    0x000050be       0x7e startup/startup_stm32f10x_md.o

.debug_str      0x00000000    0x56523
 .debug_str     0x00000000    0x4f190 StdPeriph_Driver/src/misc.o
                              0x4f309 (size before relaxing)
 .debug_str     0x0004f190      0x5c0 StdPeriph_Driver/src/stm32f10x_gpio.o
                              0x4f67b (size before relaxing)
 .debug_str     0x0004f750      0x8e3 StdPeriph_Driver/src/stm32f10x_i2c.o
                              0x4fa1d (size before relaxing)
 .debug_str     0x00050033      0xae2 StdPeriph_Driver/src/stm32f10x_rcc.o
                              0x4fc61 (size before relaxing)
 .debug_str     0x00050b15      0xbed StdPeriph_Driver/src/stm32f10x_tim.o
                              0x4fd7f (size before relaxing)
 .debug_str     0x00051702      0x7f0 StdPeriph_Driver/src/stm32f10x_usart.o
                              0x4f98b (size before relaxing)
 .debug_str     0x00051ef2       0x5e src/UART.o
                              0x4f2a8 (size before relaxing)
 .debug_str     0x00051f50     0x44a4 src/main.o
                              0x53ae5 (size before relaxing)
 .debug_str     0x000563f4       0x70 src/read_RTC.o
                              0x4f36e (size before relaxing)
 .debug_str     0x00056464       0x8f src/system_stm32f10x.o
                              0x4f1f0 (size before relaxing)
 .debug_str     0x000564f3       0x30 startup/startup_stm32f10x_md.o
                                 0x66 (size before relaxing)

.comment        0x00000000       0x7f
 .comment       0x00000000       0x7f StdPeriph_Driver/src/misc.o
                                 0x80 (size before relaxing)
 .comment       0x0000007f       0x80 StdPeriph_Driver/src/stm32f10x_gpio.o
 .comment       0x0000007f       0x80 StdPeriph_Driver/src/stm32f10x_i2c.o
 .comment       0x0000007f       0x80 StdPeriph_Driver/src/stm32f10x_rcc.o
 .comment       0x0000007f       0x80 StdPeriph_Driver/src/stm32f10x_tim.o
 .comment       0x0000007f       0x80 StdPeriph_Driver/src/stm32f10x_usart.o
 .comment       0x0000007f       0x80 src/UART.o
 .comment       0x0000007f       0x80 src/main.o
 .comment       0x0000007f       0x80 src/read_RTC.o
 .comment       0x0000007f       0x80 src/system_stm32f10x.o

.debug_frame    0x00000000     0x24ac
 .debug_frame   0x00000000       0xd8 StdPeriph_Driver/src/misc.o
 .debug_frame   0x000000d8      0x2d0 StdPeriph_Driver/src/stm32f10x_gpio.o
 .debug_frame   0x000003a8      0x530 StdPeriph_Driver/src/stm32f10x_i2c.o
 .debug_frame   0x000008d8      0x4f4 StdPeriph_Driver/src/stm32f10x_rcc.o
 .debug_frame   0x00000dcc      0xe2c StdPeriph_Driver/src/stm32f10x_tim.o
 .debug_frame   0x00001bf8      0x490 StdPeriph_Driver/src/stm32f10x_usart.o
 .debug_frame   0x00002088       0x7c src/UART.o
 .debug_frame   0x00002104       0xec src/main.o
 .debug_frame   0x000021f0       0x80 src/read_RTC.o
 .debug_frame   0x00002270       0x7c src/system_stm32f10x.o
 .debug_frame   0x000022ec       0x2c c:/ac6/systemworkbench/plugins/fr.ac6.mcu.externaltools.arm-none.win32_1.17.0.201812190825/tools/compiler/bin/../lib/gcc/arm-none-eabi/7.3.1/../../../../arm-none-eabi/lib/thumb/v7-m\libc.a(lib_a-init.o)
 .debug_frame   0x00002318       0x5c c:/ac6/systemworkbench/plugins/fr.ac6.mcu.externaltools.arm-none.win32_1.17.0.201812190825/tools/compiler/bin/../lib/gcc/arm-none-eabi/7.3.1/../../../../arm-none-eabi/lib/thumb/v7-m\libc.a(lib_a-__call_atexit.o)
 .debug_frame   0x00002374       0x20 c:/ac6/systemworkbench/plugins/fr.ac6.mcu.externaltools.arm-none.win32_1.17.0.201812190825/tools/compiler/bin/../lib/gcc/arm-none-eabi/7.3.1/../../../../arm-none-eabi/lib/thumb/v7-m\libc.a(lib_a-atexit.o)
 .debug_frame   0x00002394       0x34 c:/ac6/systemworkbench/plugins/fr.ac6.mcu.externaltools.arm-none.win32_1.17.0.201812190825/tools/compiler/bin/../lib/gcc/arm-none-eabi/7.3.1/../../../../arm-none-eabi/lib/thumb/v7-m\libc.a(lib_a-fini.o)
 .debug_frame   0x000023c8       0xb0 c:/ac6/systemworkbench/plugins/fr.ac6.mcu.externaltools.arm-none.win32_1.17.0.201812190825/tools/compiler/bin/../lib/gcc/arm-none-eabi/7.3.1/../../../../arm-none-eabi/lib/thumb/v7-m\libc.a(lib_a-lock.o)
 .debug_frame   0x00002478       0x34 c:/ac6/systemworkbench/plugins/fr.ac6.mcu.externaltools.arm-none.win32_1.17.0.201812190825/tools/compiler/bin/../lib/gcc/arm-none-eabi/7.3.1/../../../../arm-none-eabi/lib/thumb/v7-m\libc.a(lib_a-__atexit.o)
